[1/80] 895 frames  40s
[2/80] 1790 frames  41s
[3/80] 2686 frames  41s
[4/80] 3581 frames  42s
[5/80] 4476 frames  42s
[6/80] 5373 frames  43s
[7/80] 6270 frames  43s
[8/80] 7166 frames  44s
[9/80] 8062 frames  82s
[10/80] 8958 frames  82s
[11/80] 9854 frames  82s
[12/80] 10749 frames  84s
[13/80] 11644 frames  85s
[14/80] 12539 frames  85s
[15/80] 13434 frames  85s
[16/80] 14329 frames  86s
[17/80] 15224 frames  122s
[18/80] 16120 frames  123s
[19/80] 17015 frames  123s
[20/80] 17911 frames  127s
[21/80] 18807 frames  128s
[22/80] 19703 frames  129s
[23/80] 20600 frames  129s
[24/80] 21496 frames  130s
[25/80] 22392 frames  164s
[26/80] 23288 frames  165s
[27/80] 24185 frames  165s
[28/80] 25079 frames  170s
[29/80] 25974 frames  170s
[30/80] 26870 frames  170s
[31/80] 27764 frames  171s
[32/80] 28660 frames  173s
[33/80] 29555 frames  202s
[34/80] 30451 frames  202s
[35/80] 31347 frames  203s
[36/80] 32241 frames  207s
[37/80] 33136 frames  207s
[38/80] 34032 frames  208s
[39/80] 34928 frames  210s
[40/80] 35825 frames  212s
[41/80] 36722 frames  239s
[42/80] 37617 frames  240s
[43/80] 38514 frames  241s
[44/80] 39409 frames  246s
[45/80] 40304 frames  246s
[46/80] 41201 frames  247s
[47/80] 42096 frames  249s
[48/80] 42993 frames  250s
[49/80] 43889 frames  277s
[50/80] 44784 frames  279s
[51/80] 45681 frames  280s
[52/80] 46576 frames  285s
[53/80] 47472 frames  287s
[54/80] 48369 frames  289s
[55/80] 49265 frames  289s
[56/80] 50161 frames  291s
[57/80] 51056 frames  318s
[58/80] 51952 frames  320s
[59/80] 52847 frames  320s
[60/80] 53493 frames  322s
[61/80] 54139 frames  324s
[62/80] 54786 frames  324s
[63/80] 55683 frames  326s
[64/80] 56329 frames  327s
[65/80] 56976 frames  353s
[66/80] 57622 frames  354s
[67/80] 58268 frames  355s
[68/80] 58914 frames  358s
[69/80] 59560 frames  360s
[70/80] 60206 frames  361s
[71/80] 60852 frames  361s
[72/80] 61497 frames  363s
[73/80] 62143 frames  386s
[74/80] 62788 frames  387s
[75/80] 63433 frames  389s
[76/80] 64078 frames  391s
[77/80] 64724 frames  393s
[78/80] 65369 frames  393s
[79/80] 66015 frames  394s
[80/80] 66661 frames  394s
('train', 'drive', 'left') 8554
('train', 'drive', 'right') 9178
('train', 'drive', 'straight') 6012
('train', 'perturbed', 'left') 10808
('train', 'perturbed', 'right') 11488
('train', 'perturbed', 'straight') 7704
('val', 'drive', 'left') 2783
('val', 'drive', 'right') 2947
('val', 'drive', 'straight') 2187
('val', 'perturbed', 'left') 1746
('val', 'perturbed', 'right') 1896
('val', 'perturbed', 'straight') 1358
