[1/80] 895 frames  30s
[2/80] 1790 frames  30s
[3/80] 2686 frames  30s
[4/80] 3581 frames  31s
[5/80] 4476 frames  31s
[6/80] 5373 frames  31s
[7/80] 6269 frames  32s
[8/80] 7166 frames  33s
[9/80] 8062 frames  60s
[10/80] 8958 frames  60s
[11/80] 9854 frames  60s
[12/80] 10749 frames  61s
[13/80] 11644 frames  62s
[14/80] 12539 frames  62s
[15/80] 13434 frames  64s
[16/80] 14329 frames  65s
[17/80] 15224 frames  90s
[18/80] 16119 frames  90s
[19/80] 17015 frames  90s
[20/80] 17911 frames  92s
[21/80] 18807 frames  93s
[22/80] 19704 frames  93s
[23/80] 20600 frames  95s
[24/80] 21496 frames  97s
[25/80] 22392 frames  121s
[26/80] 23288 frames  122s
[27/80] 24185 frames  122s
[28/80] 25079 frames  123s
[29/80] 25974 frames  123s
[30/80] 26870 frames  124s
[31/80] 27764 frames  128s
[32/80] 28660 frames  130s
[33/80] 29555 frames  153s
[34/80] 30451 frames  153s
[35/80] 31345 frames  153s
[36/80] 32240 frames  153s
[37/80] 33136 frames  154s
[38/80] 34032 frames  154s
[39/80] 34928 frames  160s
[40/80] 35825 frames  162s
[41/80] 36720 frames  183s
[42/80] 37617 frames  184s
[43/80] 38512 frames  184s
[44/80] 39409 frames  185s
[45/80] 40306 frames  185s
[46/80] 41201 frames  185s
[47/80] 42096 frames  192s
[48/80] 42993 frames  195s
[49/80] 43889 frames  214s
[50/80] 44784 frames  215s
[51/80] 45679 frames  216s
[52/80] 46575 frames  216s
[53/80] 47472 frames  216s
[54/80] 48369 frames  219s
[55/80] 49265 frames  225s
[56/80] 50161 frames  227s
[57/80] 50807 frames  243s
[58/80] 51453 frames  246s
[59/80] 52348 frames  246s
[60/80] 53243 frames  247s
[61/80] 54139 frames  247s
[62/80] 55036 frames  248s
[63/80] 55683 frames  252s
[64/80] 56329 frames  255s
[65/80] 56976 frames  270s
[66/80] 57622 frames  273s
[67/80] 58268 frames  274s
[68/80] 58914 frames  274s
[69/80] 59560 frames  275s
[70/80] 60206 frames  275s
[71/80] 60851 frames  281s
[72/80] 61497 frames  282s
[73/80] 62143 frames  296s
[74/80] 62788 frames  298s
[75/80] 63433 frames  299s
[76/80] 64078 frames  300s
[77/80] 64724 frames  301s
[78/80] 65369 frames  301s
[79/80] 66015 frames  304s
[80/80] 66661 frames  304s
('train', 'drive', 'left') 8554
('train', 'drive', 'right') 9178
('train', 'drive', 'straight') 6012
('train', 'perturbed', 'left') 10808
('train', 'perturbed', 'right') 11488
('train', 'perturbed', 'straight') 7704
('val', 'drive', 'left') 2783
('val', 'drive', 'right') 2947
('val', 'drive', 'straight') 2187
('val', 'perturbed', 'left') 1746
('val', 'perturbed', 'right') 1896
('val', 'perturbed', 'straight') 1358
