&&&& RUNNING TensorRT.trtexec [TensorRT v8201] # /usr/src/tensorrt/bin/trtexec --onnx=/home/aviad/jdp/coco_320.onnx --workspace=1024 --iterations=200 --avgRuns=20 --percentile=99 --timingCacheFile=/home/aviad/jdp/timing.cache --saveEngine=/home/aviad/jdp/coco_320_fp16.engine --fp16
[09/28/2026-12:37:48] [I] === Model Options ===
[09/28/2026-12:37:48] [I] Format: ONNX
[09/28/2026-12:37:48] [I] Model: /home/aviad/jdp/coco_320.onnx
[09/28/2026-12:37:48] [I] Output:
[09/28/2026-12:37:48] [I] === Build Options ===
[09/28/2026-12:37:48] [I] Max batch: explicit batch
[09/28/2026-12:37:48] [I] Workspace: 1024 MiB
[09/28/2026-12:37:48] [I] minTiming: 1
[09/28/2026-12:37:48] [I] avgTiming: 8
[09/28/2026-12:37:48] [I] Precision: FP32+FP16
[09/28/2026-12:37:48] [I] Calibration: 
[09/28/2026-12:37:48] [I] Refit: Disabled
[09/28/2026-12:37:48] [I] Sparsity: Disabled
[09/28/2026-12:37:48] [I] Safe mode: Disabled
[09/28/2026-12:37:48] [I] DirectIO mode: Disabled
[09/28/2026-12:37:48] [I] Restricted mode: Disabled
[09/28/2026-12:37:48] [I] Save engine: /home/aviad/jdp/coco_320_fp16.engine
[09/28/2026-12:37:48] [I] Load engine: 
[09/28/2026-12:37:48] [I] Profiling verbosity: 0
[09/28/2026-12:37:48] [I] Tactic sources: Using default tactic sources
[09/28/2026-12:37:48] [I] timingCacheMode: global
[09/28/2026-12:37:48] [I] timingCacheFile: /home/aviad/jdp/timing.cache
[09/28/2026-12:37:48] [I] Input(s)s format: fp32:CHW
[09/28/2026-12:37:48] [I] Output(s)s format: fp32:CHW
[09/28/2026-12:37:48] [I] Input build shapes: model
[09/28/2026-12:37:48] [I] Input calibration shapes: model
[09/28/2026-12:37:48] [I] === System Options ===
[09/28/2026-12:37:48] [I] Device: 0
[09/28/2026-12:37:48] [I] DLACore: 
[09/28/2026-12:37:48] [I] Plugins:
[09/28/2026-12:37:48] [I] === Inference Options ===
[09/28/2026-12:37:48] [I] Batch: Explicit
[09/28/2026-12:37:48] [I] Input inference shapes: model
[09/28/2026-12:37:48] [I] Iterations: 200
[09/28/2026-12:37:48] [I] Duration: 3s (+ 200ms warm up)
[09/28/2026-12:37:48] [I] Sleep time: 0ms
[09/28/2026-12:37:48] [I] Idle time: 0ms
[09/28/2026-12:37:48] [I] Streams: 1
[09/28/2026-12:37:48] [I] ExposeDMA: Disabled
[09/28/2026-12:37:48] [I] Data transfers: Enabled
[09/28/2026-12:37:48] [I] Spin-wait: Disabled
[09/28/2026-12:37:48] [I] Multithreading: Disabled
[09/28/2026-12:37:48] [I] CUDA Graph: Disabled
[09/28/2026-12:37:48] [I] Separate profiling: Disabled
[09/28/2026-12:37:48] [I] Time Deserialize: Disabled
[09/28/2026-12:37:48] [I] Time Refit: Disabled
[09/28/2026-12:37:48] [I] Skip inference: Disabled
[09/28/2026-12:37:48] [I] Inputs:
[09/28/2026-12:37:48] [I] === Reporting Options ===
[09/28/2026-12:37:48] [I] Verbose: Disabled
[09/28/2026-12:37:48] [I] Averages: 20 inferences
[09/28/2026-12:37:48] [I] Percentile: 99
[09/28/2026-12:37:48] [I] Dump refittable layers:Disabled
[09/28/2026-12:37:48] [I] Dump output: Disabled
[09/28/2026-12:37:48] [I] Profile: Disabled
[09/28/2026-12:37:48] [I] Export timing to JSON file: 
[09/28/2026-12:37:48] [I] Export output to JSON file: 
[09/28/2026-12:37:48] [I] Export profile to JSON file: 
[09/28/2026-12:37:48] [I] 
[09/28/2026-12:37:48] [I] === Device Information ===
[09/28/2026-12:37:48] [I] Selected Device: NVIDIA Tegra X1
[09/28/2026-12:37:48] [I] Compute Capability: 5.3
[09/28/2026-12:37:48] [I] SMs: 1
[09/28/2026-12:37:48] [I] Compute Clock Rate: 0.9216 GHz
[09/28/2026-12:37:48] [I] Device Global Memory: 3964 MiB
[09/28/2026-12:37:48] [I] Shared Memory per SM: 64 KiB
[09/28/2026-12:37:48] [I] Memory Bus Width: 64 bits (ECC disabled)
[09/28/2026-12:37:48] [I] Memory Clock Rate: 0.01275 GHz
[09/28/2026-12:37:48] [I] 
[09/28/2026-12:37:48] [I] TensorRT version: 8.2.1
[09/28/2026-12:37:49] [I] [TRT] [MemUsageChange] Init CUDA: CPU +229, GPU +0, now: CPU 248, GPU 2633 (MiB)
[09/28/2026-12:37:50] [I] [TRT] [MemUsageSnapshot] Begin constructing builder kernel library: CPU 248 MiB, GPU 2633 MiB
[09/28/2026-12:37:50] [I] [TRT] [MemUsageSnapshot] End constructing builder kernel library: CPU 278 MiB, GPU 2663 MiB
[09/28/2026-12:37:50] [I] Start parsing network model
[09/28/2026-12:37:50] [I] [TRT] ----------------------------------------------------------------
[09/28/2026-12:37:50] [I] [TRT] Input filename:   /home/aviad/jdp/coco_320.onnx
[09/28/2026-12:37:50] [I] [TRT] ONNX IR version:  0.0.6
[09/28/2026-12:37:50] [I] [TRT] Opset version:    11
[09/28/2026-12:37:50] [I] [TRT] Producer name:    pytorch
[09/28/2026-12:37:50] [I] [TRT] Producer version: 2.14.0
[09/28/2026-12:37:50] [I] [TRT] Domain:           
[09/28/2026-12:37:50] [I] [TRT] Model version:    0
[09/28/2026-12:37:50] [I] [TRT] Doc string:       
[09/28/2026-12:37:50] [I] [TRT] ----------------------------------------------------------------
[09/28/2026-12:37:50] [W] [TRT] onnx2trt_utils.cpp:366: Your ONNX model has been generated with INT64 weights, while TensorRT does not natively support INT64. Attempting to cast down to INT32.
[09/28/2026-12:37:50] [I] Finish parsing network model
[09/28/2026-12:37:50] [I] Loaded 243376 bytes of timing cache from /home/aviad/jdp/timing.cache
[09/28/2026-12:37:50] [I] [TRT] ---------- Layers Running on DLA ----------
[09/28/2026-12:37:50] [I] [TRT] ---------- Layers Running on GPU ----------
[09/28/2026-12:37:50] [I] [TRT] [GpuLayer] /model.0/conv/Conv
[09/28/2026-12:37:50] [I] [TRT] [GpuLayer] PWN(PWN(/model.0/act/Sigmoid), /model.0/act/Mul)
[09/28/2026-12:37:50] [I] [TRT] [GpuLayer] /model.1/conv/Conv
[09/28/2026-12:37:50] [I] [TRT] [GpuLayer] PWN(PWN(/model.1/act/Sigmoid), /model.1/act/Mul)
[09/28/2026-12:37:50] [I] [TRT] [GpuLayer] /model.2/cv1/conv/Conv || /model.2/cv2/conv/Conv
[09/28/2026-12:37:50] [I] [TRT] [GpuLayer] PWN(PWN(/model.2/cv1/act/Sigmoid), /model.2/cv1/act/Mul)
[09/28/2026-12:37:50] [I] [TRT] [GpuLayer] PWN(PWN(/model.2/cv2/act/Sigmoid), /model.2/cv2/act/Mul)
[09/28/2026-12:37:50] [I] [TRT] [GpuLayer] /model.2/m/m.0/cv1/conv/Conv
[09/28/2026-12:37:50] [I] [TRT] [GpuLayer] PWN(PWN(/model.2/m/m.0/cv1/act/Sigmoid), /model.2/m/m.0/cv1/act/Mul)
[09/28/2026-12:37:50] [I] [TRT] [GpuLayer] /model.2/m/m.0/cv2/conv/Conv
[09/28/2026-12:37:50] [I] [TRT] [GpuLayer] PWN(PWN(PWN(/model.2/m/m.0/cv2/act/Sigmoid), /model.2/m/m.0/cv2/act/Mul), /model.2/m/m.0/Add)
[09/28/2026-12:37:50] [I] [TRT] [GpuLayer] /model.2/cv3/conv/Conv
[09/28/2026-12:37:50] [I] [TRT] [GpuLayer] PWN(PWN(/model.2/cv3/act/Sigmoid), /model.2/cv3/act/Mul)
[09/28/2026-12:37:50] [I] [TRT] [GpuLayer] /model.3/conv/Conv
[09/28/2026-12:37:50] [I] [TRT] [GpuLayer] PWN(PWN(/model.3/act/Sigmoid), /model.3/act/Mul)
[09/28/2026-12:37:50] [I] [TRT] [GpuLayer] /model.4/cv1/conv/Conv || /model.4/cv2/conv/Conv
[09/28/2026-12:37:50] [I] [TRT] [GpuLayer] PWN(PWN(/model.4/cv1/act/Sigmoid), /model.4/cv1/act/Mul)
[09/28/2026-12:37:50] [I] [TRT] [GpuLayer] PWN(PWN(/model.4/cv2/act/Sigmoid), /model.4/cv2/act/Mul)
[09/28/2026-12:37:50] [I] [TRT] [GpuLayer] /model.4/m/m.0/cv1/conv/Conv
[09/28/2026-12:37:50] [I] [TRT] [GpuLayer] PWN(PWN(/model.4/m/m.0/cv1/act/Sigmoid), /model.4/m/m.0/cv1/act/Mul)
[09/28/2026-12:37:50] [I] [TRT] [GpuLayer] /model.4/m/m.0/cv2/conv/Conv
[09/28/2026-12:37:50] [I] [TRT] [GpuLayer] PWN(PWN(PWN(/model.4/m/m.0/cv2/act/Sigmoid), /model.4/m/m.0/cv2/act/Mul), /model.4/m/m.0/Add)
[09/28/2026-12:37:50] [I] [TRT] [GpuLayer] /model.4/m/m.1/cv1/conv/Conv
[09/28/2026-12:37:50] [I] [TRT] [GpuLayer] PWN(PWN(/model.4/m/m.1/cv1/act/Sigmoid), /model.4/m/m.1/cv1/act/Mul)
[09/28/2026-12:37:50] [I] [TRT] [GpuLayer] /model.4/m/m.1/cv2/conv/Conv
[09/28/2026-12:37:50] [I] [TRT] [GpuLayer] PWN(PWN(PWN(/model.4/m/m.1/cv2/act/Sigmoid), /model.4/m/m.1/cv2/act/Mul), /model.4/m/m.1/Add)
[09/28/2026-12:37:50] [I] [TRT] [GpuLayer] /model.4/cv3/conv/Conv
[09/28/2026-12:37:50] [I] [TRT] [GpuLayer] PWN(PWN(/model.4/cv3/act/Sigmoid), /model.4/cv3/act/Mul)
[09/28/2026-12:37:50] [I] [TRT] [GpuLayer] /model.5/conv/Conv
[09/28/2026-12:37:50] [I] [TRT] [GpuLayer] PWN(PWN(/model.5/act/Sigmoid), /model.5/act/Mul)
[09/28/2026-12:37:50] [I] [TRT] [GpuLayer] /model.6/cv1/conv/Conv || /model.6/cv2/conv/Conv
[09/28/2026-12:37:50] [I] [TRT] [GpuLayer] PWN(PWN(/model.6/cv1/act/Sigmoid), /model.6/cv1/act/Mul)
[09/28/2026-12:37:50] [I] [TRT] [GpuLayer] PWN(PWN(/model.6/cv2/act/Sigmoid), /model.6/cv2/act/Mul)
[09/28/2026-12:37:50] [I] [TRT] [GpuLayer] /model.6/m/m.0/cv1/conv/Conv
[09/28/2026-12:37:50] [I] [TRT] [GpuLayer] PWN(PWN(/model.6/m/m.0/cv1/act/Sigmoid), /model.6/m/m.0/cv1/act/Mul)
[09/28/2026-12:37:50] [I] [TRT] [GpuLayer] /model.6/m/m.0/cv2/conv/Conv
[09/28/2026-12:37:50] [I] [TRT] [GpuLayer] PWN(PWN(PWN(/model.6/m/m.0/cv2/act/Sigmoid), /model.6/m/m.0/cv2/act/Mul), /model.6/m/m.0/Add)
[09/28/2026-12:37:50] [I] [TRT] [GpuLayer] /model.6/m/m.1/cv1/conv/Conv
[09/28/2026-12:37:50] [I] [TRT] [GpuLayer] PWN(PWN(/model.6/m/m.1/cv1/act/Sigmoid), /model.6/m/m.1/cv1/act/Mul)
[09/28/2026-12:37:50] [I] [TRT] [GpuLayer] /model.6/m/m.1/cv2/conv/Conv
[09/28/2026-12:37:50] [I] [TRT] [GpuLayer] PWN(PWN(PWN(/model.6/m/m.1/cv2/act/Sigmoid), /model.6/m/m.1/cv2/act/Mul), /model.6/m/m.1/Add)
[09/28/2026-12:37:50] [I] [TRT] [GpuLayer] /model.6/m/m.2/cv1/conv/Conv
[09/28/2026-12:37:50] [I] [TRT] [GpuLayer] PWN(PWN(/model.6/m/m.2/cv1/act/Sigmoid), /model.6/m/m.2/cv1/act/Mul)
[09/28/2026-12:37:50] [I] [TRT] [GpuLayer] /model.6/m/m.2/cv2/conv/Conv
[09/28/2026-12:37:50] [I] [TRT] [GpuLayer] PWN(PWN(PWN(/model.6/m/m.2/cv2/act/Sigmoid), /model.6/m/m.2/cv2/act/Mul), /model.6/m/m.2/Add)
[09/28/2026-12:37:50] [I] [TRT] [GpuLayer] /model.6/cv3/conv/Conv
[09/28/2026-12:37:50] [I] [TRT] [GpuLayer] PWN(PWN(/model.6/cv3/act/Sigmoid), /model.6/cv3/act/Mul)
[09/28/2026-12:37:50] [I] [TRT] [GpuLayer] /model.7/conv/Conv
[09/28/2026-12:37:50] [I] [TRT] [GpuLayer] PWN(PWN(/model.7/act/Sigmoid), /model.7/act/Mul)
[09/28/2026-12:37:50] [I] [TRT] [GpuLayer] /model.8/cv1/conv/Conv || /model.8/cv2/conv/Conv
[09/28/2026-12:37:50] [I] [TRT] [GpuLayer] PWN(PWN(/model.8/cv1/act/Sigmoid), /model.8/cv1/act/Mul)
[09/28/2026-12:37:50] [I] [TRT] [GpuLayer] PWN(PWN(/model.8/cv2/act/Sigmoid), /model.8/cv2/act/Mul)
[09/28/2026-12:37:50] [I] [TRT] [GpuLayer] /model.8/m/m.0/cv1/conv/Conv
[09/28/2026-12:37:50] [I] [TRT] [GpuLayer] PWN(PWN(/model.8/m/m.0/cv1/act/Sigmoid), /model.8/m/m.0/cv1/act/Mul)
[09/28/2026-12:37:50] [I] [TRT] [GpuLayer] /model.8/m/m.0/cv2/conv/Conv
[09/28/2026-12:37:50] [I] [TRT] [GpuLayer] PWN(PWN(PWN(/model.8/m/m.0/cv2/act/Sigmoid), /model.8/m/m.0/cv2/act/Mul), /model.8/m/m.0/Add)
[09/28/2026-12:37:50] [I] [TRT] [GpuLayer] /model.8/cv3/conv/Conv
[09/28/2026-12:37:50] [I] [TRT] [GpuLayer] PWN(PWN(/model.8/cv3/act/Sigmoid), /model.8/cv3/act/Mul)
[09/28/2026-12:37:50] [I] [TRT] [GpuLayer] /model.9/cv1/conv/Conv
[09/28/2026-12:37:50] [I] [TRT] [GpuLayer] PWN(PWN(/model.9/cv1/act/Sigmoid), /model.9/cv1/act/Mul)
[09/28/2026-12:37:50] [I] [TRT] [GpuLayer] /model.9/m/MaxPool
[09/28/2026-12:37:50] [I] [TRT] [GpuLayer] /model.9/m_1/MaxPool
[09/28/2026-12:37:50] [I] [TRT] [GpuLayer] /model.9/m_2/MaxPool
[09/28/2026-12:37:50] [I] [TRT] [GpuLayer] /model.9/cv1/act/Mul_output_0 copy
[09/28/2026-12:37:50] [I] [TRT] [GpuLayer] /model.9/m/MaxPool_output_0 copy
[09/28/2026-12:37:50] [I] [TRT] [GpuLayer] /model.9/m_1/MaxPool_output_0 copy
[09/28/2026-12:37:50] [I] [TRT] [GpuLayer] /model.9/m_2/MaxPool_output_0 copy
[09/28/2026-12:37:50] [I] [TRT] [GpuLayer] /model.9/cv2/conv/Conv
[09/28/2026-12:37:50] [I] [TRT] [GpuLayer] PWN(PWN(/model.9/cv2/act/Sigmoid), /model.9/cv2/act/Mul)
[09/28/2026-12:37:50] [I] [TRT] [GpuLayer] /model.10/conv/Conv
[09/28/2026-12:37:50] [I] [TRT] [GpuLayer] PWN(PWN(/model.10/act/Sigmoid), /model.10/act/Mul)
[09/28/2026-12:37:50] [I] [TRT] [GpuLayer] /model.11/Resize
[09/28/2026-12:37:50] [I] [TRT] [GpuLayer] /model.11/Resize_output_0 copy
[09/28/2026-12:37:50] [I] [TRT] [GpuLayer] /model.13/cv1/conv/Conv || /model.13/cv2/conv/Conv
[09/28/2026-12:37:50] [I] [TRT] [GpuLayer] PWN(PWN(/model.13/cv1/act/Sigmoid), /model.13/cv1/act/Mul)
[09/28/2026-12:37:50] [I] [TRT] [GpuLayer] PWN(PWN(/model.13/cv2/act/Sigmoid), /model.13/cv2/act/Mul)
[09/28/2026-12:37:50] [I] [TRT] [GpuLayer] /model.13/m/m.0/cv1/conv/Conv
[09/28/2026-12:37:50] [I] [TRT] [GpuLayer] PWN(PWN(/model.13/m/m.0/cv1/act/Sigmoid), /model.13/m/m.0/cv1/act/Mul)
[09/28/2026-12:37:50] [I] [TRT] [GpuLayer] /model.13/m/m.0/cv2/conv/Conv
[09/28/2026-12:37:50] [I] [TRT] [GpuLayer] PWN(PWN(/model.13/m/m.0/cv2/act/Sigmoid), /model.13/m/m.0/cv2/act/Mul)
[09/28/2026-12:37:50] [I] [TRT] [GpuLayer] /model.13/cv3/conv/Conv
[09/28/2026-12:37:50] [I] [TRT] [GpuLayer] PWN(PWN(/model.13/cv3/act/Sigmoid), /model.13/cv3/act/Mul)
[09/28/2026-12:37:50] [I] [TRT] [GpuLayer] /model.14/conv/Conv
[09/28/2026-12:37:50] [I] [TRT] [GpuLayer] PWN(PWN(/model.14/act/Sigmoid), /model.14/act/Mul)
[09/28/2026-12:37:50] [I] [TRT] [GpuLayer] /model.15/Resize
[09/28/2026-12:37:50] [I] [TRT] [GpuLayer] /model.15/Resize_output_0 copy
[09/28/2026-12:37:50] [I] [TRT] [GpuLayer] /model.17/cv1/conv/Conv || /model.17/cv2/conv/Conv
[09/28/2026-12:37:50] [I] [TRT] [GpuLayer] PWN(PWN(/model.17/cv1/act/Sigmoid), /model.17/cv1/act/Mul)
[09/28/2026-12:37:50] [I] [TRT] [GpuLayer] PWN(PWN(/model.17/cv2/act/Sigmoid), /model.17/cv2/act/Mul)
[09/28/2026-12:37:50] [I] [TRT] [GpuLayer] /model.17/m/m.0/cv1/conv/Conv
[09/28/2026-12:37:50] [I] [TRT] [GpuLayer] PWN(PWN(/model.17/m/m.0/cv1/act/Sigmoid), /model.17/m/m.0/cv1/act/Mul)
[09/28/2026-12:37:50] [I] [TRT] [GpuLayer] /model.17/m/m.0/cv2/conv/Conv
[09/28/2026-12:37:50] [I] [TRT] [GpuLayer] PWN(PWN(/model.17/m/m.0/cv2/act/Sigmoid), /model.17/m/m.0/cv2/act/Mul)
[09/28/2026-12:37:50] [I] [TRT] [GpuLayer] /model.17/cv3/conv/Conv
[09/28/2026-12:37:50] [I] [TRT] [GpuLayer] PWN(PWN(/model.17/cv3/act/Sigmoid), /model.17/cv3/act/Mul)
[09/28/2026-12:37:50] [I] [TRT] [GpuLayer] /model.18/conv/Conv
[09/28/2026-12:37:50] [I] [TRT] [GpuLayer] /model.24/m.0/Conv
[09/28/2026-12:37:50] [I] [TRT] [GpuLayer] /model.24/Reshape + /model.24/Transpose
[09/28/2026-12:37:50] [I] [TRT] [GpuLayer] PWN(PWN(/model.18/act/Sigmoid), /model.18/act/Mul)
[09/28/2026-12:37:50] [I] [TRT] [GpuLayer] /model.14/act/Mul_output_0 copy
[09/28/2026-12:37:50] [I] [TRT] [GpuLayer] PWN(/model.24/Sigmoid)
[09/28/2026-12:37:50] [I] [TRT] [GpuLayer] /model.20/cv1/conv/Conv || /model.20/cv2/conv/Conv
[09/28/2026-12:37:50] [I] [TRT] [GpuLayer] /model.24/Split
[09/28/2026-12:37:50] [I] [TRT] [GpuLayer] /model.24/Split_0
[09/28/2026-12:37:50] [I] [TRT] [GpuLayer] /model.24/Split_1
[09/28/2026-12:37:50] [I] [TRT] [GpuLayer] PWN(PWN(/model.20/cv1/act/Sigmoid), /model.20/cv1/act/Mul)
[09/28/2026-12:37:50] [I] [TRT] [GpuLayer] PWN(PWN(/model.20/cv2/act/Sigmoid), /model.20/cv2/act/Mul)
[09/28/2026-12:37:50] [I] [TRT] [GpuLayer] /model.24/Constant_2_output_0
[09/28/2026-12:37:50] [I] [TRT] [GpuLayer] /model.20/m/m.0/cv1/conv/Conv
[09/28/2026-12:37:50] [I] [TRT] [GpuLayer] PWN(PWN(/model.24/Constant_1_output_0 + (Unnamed Layer* 174) [Shuffle] + /model.24/Mul, /model.24/Add), /model.24/Constant_3_output_0 + (Unnamed Layer* 188) [Shuffle] + /model.24/Mul_1)
[09/28/2026-12:37:50] [I] [TRT] [GpuLayer] /model.24/Constant_6_output_0
[09/28/2026-12:37:50] [I] [TRT] [GpuLayer] PWN(PWN(/model.24/Constant_1_output_0_3 + (Unnamed Layer* 184) [Shuffle], PWN(/model.24/Constant_1_output_0_2 + (Unnamed Layer* 177) [Shuffle] + /model.24/Mul_2, /model.24/Pow)), /model.24/Mul_3)
[09/28/2026-12:37:50] [I] [TRT] [GpuLayer] /model.24/Mul_1_output_0 copy
[09/28/2026-12:37:50] [I] [TRT] [GpuLayer] /model.24/Mul_3_output_0 copy
[09/28/2026-12:37:50] [I] [TRT] [GpuLayer] /model.24/Split_output_2 copy
[09/28/2026-12:37:50] [I] [TRT] [GpuLayer] PWN(PWN(/model.20/m/m.0/cv1/act/Sigmoid), /model.20/m/m.0/cv1/act/Mul)
[09/28/2026-12:37:50] [I] [TRT] [GpuLayer] /model.24/Reshape_1
[09/28/2026-12:37:50] [I] [TRT] [GpuLayer] /model.20/m/m.0/cv2/conv/Conv
[09/28/2026-12:37:50] [I] [TRT] [GpuLayer] PWN(PWN(/model.20/m/m.0/cv2/act/Sigmoid), /model.20/m/m.0/cv2/act/Mul)
[09/28/2026-12:37:50] [I] [TRT] [GpuLayer] /model.20/cv3/conv/Conv
[09/28/2026-12:37:50] [I] [TRT] [GpuLayer] PWN(PWN(/model.20/cv3/act/Sigmoid), /model.20/cv3/act/Mul)
[09/28/2026-12:37:50] [I] [TRT] [GpuLayer] /model.21/conv/Conv
[09/28/2026-12:37:50] [I] [TRT] [GpuLayer] /model.24/m.1/Conv
[09/28/2026-12:37:50] [I] [TRT] [GpuLayer] /model.24/Reshape_2 + /model.24/Transpose_1
[09/28/2026-12:37:50] [I] [TRT] [GpuLayer] PWN(PWN(/model.21/act/Sigmoid), /model.21/act/Mul)
[09/28/2026-12:37:50] [I] [TRT] [GpuLayer] /model.10/act/Mul_output_0 copy
[09/28/2026-12:37:50] [I] [TRT] [GpuLayer] PWN(/model.24/Sigmoid_1)
[09/28/2026-12:37:50] [I] [TRT] [GpuLayer] /model.23/cv1/conv/Conv || /model.23/cv2/conv/Conv
[09/28/2026-12:37:50] [I] [TRT] [GpuLayer] /model.24/Split_1_4
[09/28/2026-12:37:50] [I] [TRT] [GpuLayer] /model.24/Split_1_5
[09/28/2026-12:37:50] [I] [TRT] [GpuLayer] /model.24/Split_1_6
[09/28/2026-12:37:50] [I] [TRT] [GpuLayer] PWN(PWN(/model.23/cv1/act/Sigmoid), /model.23/cv1/act/Mul)
[09/28/2026-12:37:50] [I] [TRT] [GpuLayer] PWN(PWN(/model.23/cv2/act/Sigmoid), /model.23/cv2/act/Mul)
[09/28/2026-12:37:50] [I] [TRT] [GpuLayer] /model.24/Constant_10_output_0
[09/28/2026-12:37:50] [I] [TRT] [GpuLayer] /model.23/m/m.0/cv1/conv/Conv
[09/28/2026-12:37:50] [I] [TRT] [GpuLayer] PWN(PWN(/model.24/Constant_1_output_0_7 + (Unnamed Layer* 219) [Shuffle] + /model.24/Mul_4, /model.24/Add_1), /model.24/Constant_11_output_0 + (Unnamed Layer* 233) [Shuffle] + /model.24/Mul_5)
[09/28/2026-12:37:50] [I] [TRT] [GpuLayer] /model.24/Constant_14_output_0
[09/28/2026-12:37:50] [I] [TRT] [GpuLayer] PWN(PWN(/model.24/Constant_1_output_0_9 + (Unnamed Layer* 229) [Shuffle], PWN(/model.24/Constant_1_output_0_8 + (Unnamed Layer* 222) [Shuffle] + /model.24/Mul_6, /model.24/Pow_1)), /model.24/Mul_7)
[09/28/2026-12:37:50] [I] [TRT] [GpuLayer] /model.24/Mul_5_output_0 copy
[09/28/2026-12:37:50] [I] [TRT] [GpuLayer] /model.24/Mul_7_output_0 copy
[09/28/2026-12:37:50] [I] [TRT] [GpuLayer] /model.24/Split_1_output_2 copy
[09/28/2026-12:37:50] [I] [TRT] [GpuLayer] PWN(PWN(/model.23/m/m.0/cv1/act/Sigmoid), /model.23/m/m.0/cv1/act/Mul)
[09/28/2026-12:37:50] [I] [TRT] [GpuLayer] /model.24/Reshape_3
[09/28/2026-12:37:50] [I] [TRT] [GpuLayer] /model.23/m/m.0/cv2/conv/Conv
[09/28/2026-12:37:50] [I] [TRT] [GpuLayer] PWN(PWN(/model.23/m/m.0/cv2/act/Sigmoid), /model.23/m/m.0/cv2/act/Mul)
[09/28/2026-12:37:50] [I] [TRT] [GpuLayer] /model.23/cv3/conv/Conv
[09/28/2026-12:37:50] [I] [TRT] [GpuLayer] PWN(PWN(/model.23/cv3/act/Sigmoid), /model.23/cv3/act/Mul)
[09/28/2026-12:37:50] [I] [TRT] [GpuLayer] /model.24/m.2/Conv
[09/28/2026-12:37:50] [I] [TRT] [GpuLayer] /model.24/Reshape_4 + /model.24/Transpose_2
[09/28/2026-12:37:50] [I] [TRT] [GpuLayer] PWN(/model.24/Sigmoid_2)
[09/28/2026-12:37:50] [I] [TRT] [GpuLayer] /model.24/Split_2
[09/28/2026-12:37:50] [I] [TRT] [GpuLayer] /model.24/Split_2_10
[09/28/2026-12:37:50] [I] [TRT] [GpuLayer] /model.24/Split_2_11
[09/28/2026-12:37:50] [I] [TRT] [GpuLayer] /model.24/Constant_18_output_0
[09/28/2026-12:37:50] [I] [TRT] [GpuLayer] PWN(PWN(/model.24/Constant_1_output_0_12 + (Unnamed Layer* 256) [Shuffle] + /model.24/Mul_8, /model.24/Add_2), /model.24/Constant_19_output_0 + (Unnamed Layer* 267) [Shuffle] + /model.24/Mul_9)
[09/28/2026-12:37:50] [I] [TRT] [GpuLayer] /model.24/Constant_22_output_0
[09/28/2026-12:37:50] [I] [TRT] [GpuLayer] PWN(PWN(/model.24/Constant_1_output_0_14 + (Unnamed Layer* 264) [Shuffle], PWN(/model.24/Constant_1_output_0_13 + (Unnamed Layer* 259) [Shuffle] + /model.24/Mul_10, /model.24/Pow_2)), /model.24/Mul_11)
[09/28/2026-12:37:50] [I] [TRT] [GpuLayer] /model.24/Mul_9_output_0 copy
[09/28/2026-12:37:50] [I] [TRT] [GpuLayer] /model.24/Mul_11_output_0 copy
[09/28/2026-12:37:50] [I] [TRT] [GpuLayer] /model.24/Split_2_output_2 copy
[09/28/2026-12:37:50] [I] [TRT] [GpuLayer] /model.24/Reshape_5
[09/28/2026-12:37:50] [I] [TRT] [GpuLayer] /model.24/Reshape_1_output_0 copy
[09/28/2026-12:37:50] [I] [TRT] [GpuLayer] /model.24/Reshape_3_output_0 copy
[09/28/2026-12:37:50] [I] [TRT] [GpuLayer] /model.24/Reshape_5_output_0 copy
[09/28/2026-12:37:51] [I] [TRT] [MemUsageChange] Init cuBLAS/cuBLASLt: CPU +158, GPU +136, now: CPU 469, GPU 2857 (MiB)
[09/28/2026-12:37:53] [I] [TRT] [MemUsageChange] Init cuDNN: CPU +240, GPU +240, now: CPU 709, GPU 3097 (MiB)
[09/28/2026-12:37:53] [I] [TRT] Global timing cache in use. Profiling results in this builder pass will be stored.
[09/28/2026-12:38:03] [I] [TRT] Some tactics do not have sufficient workspace memory to run. Increasing workspace size may increase performance, please check verbose output.
[09/28/2026-12:38:41] [I] [TRT] Detected 1 inputs and 4 output network tensors.
[09/28/2026-12:38:54] [I] [TRT] Total Host Persistent Memory: 151888
[09/28/2026-12:38:54] [I] [TRT] Total Device Persistent Memory: 11499008
[09/28/2026-12:38:54] [I] [TRT] Total Scratch Memory: 0
[09/28/2026-12:38:54] [I] [TRT] [MemUsageStats] Peak memory usage of TRT CPU/GPU memory allocators: CPU 17 MiB, GPU 551 MiB
[09/28/2026-12:38:54] [I] [TRT] [BlockAssignment] Algorithm ShiftNTopDown took 91.7253ms to assign 9 blocks to 140 nodes requiring 4320257 bytes.
[09/28/2026-12:38:54] [I] [TRT] Total Activation Memory: 4320257
[09/28/2026-12:38:54] [I] [TRT] [MemUsageChange] Init cuBLAS/cuBLASLt: CPU +0, GPU +0, now: CPU 976, GPU 3543 (MiB)
[09/28/2026-12:38:54] [I] [TRT] [MemUsageChange] Init cuDNN: CPU +1, GPU +0, now: CPU 977, GPU 3543 (MiB)
[09/28/2026-12:38:54] [I] [TRT] [MemUsageChange] TensorRT-managed allocation in building engine: CPU +13, GPU +16, now: CPU 13, GPU 16 (MiB)
[09/28/2026-12:38:54] [I] [TRT] [MemUsageChange] Init CUDA: CPU +0, GPU +0, now: CPU 965, GPU 3555 (MiB)
[09/28/2026-12:38:54] [I] [TRT] Loaded engine size: 15 MiB
[09/28/2026-12:38:55] [I] [TRT] [MemUsageChange] Init cuBLAS/cuBLASLt: CPU +0, GPU +0, now: CPU 972, GPU 3555 (MiB)
[09/28/2026-12:38:55] [I] [TRT] [MemUsageChange] Init cuDNN: CPU +0, GPU +0, now: CPU 972, GPU 3555 (MiB)
[09/28/2026-12:38:55] [I] [TRT] [MemUsageChange] TensorRT-managed allocation in engine deserialization: CPU +0, GPU +14, now: CPU 0, GPU 14 (MiB)
[09/28/2026-12:38:55] [I] Saved 248888 bytes of timing cache to /home/aviad/jdp/timing.cache
[09/28/2026-12:38:55] [I] Engine built in 67.0095 sec.
[09/28/2026-12:38:55] [I] [TRT] [MemUsageChange] Init cuBLAS/cuBLASLt: CPU +0, GPU +0, now: CPU 913, GPU 3570 (MiB)
[09/28/2026-12:38:55] [I] [TRT] [MemUsageChange] Init cuDNN: CPU +0, GPU +0, now: CPU 913, GPU 3570 (MiB)
[09/28/2026-12:38:55] [I] [TRT] [MemUsageChange] TensorRT-managed allocation in IExecutionContext creation: CPU +0, GPU +15, now: CPU 0, GPU 29 (MiB)
[09/28/2026-12:38:55] [I] Using random values for input images
[09/28/2026-12:38:55] [I] Created input binding for images with dimensions 1x3x320x320
[09/28/2026-12:38:55] [I] Using random values for output output0
[09/28/2026-12:38:55] [I] Created output binding for output0 with dimensions 1x6300x85
[09/28/2026-12:38:55] [I] Starting inference
[09/28/2026-12:39:00] [I] Warmup completed 9 queries over 200 ms
[09/28/2026-12:39:00] [I] Timing trace has 200 queries over 4.70115 s
[09/28/2026-12:39:00] [I] 
[09/28/2026-12:39:00] [I] === Trace details ===
[09/28/2026-12:39:00] [I] Trace averages of 20 runs:
[09/28/2026-12:39:00] [I] Average on 20 runs - GPU latency: 23.173 ms - Host latency: 23.5032 ms (end to end 23.5136 ms, enqueue 5.05993 ms)
[09/28/2026-12:39:00] [I] Average on 20 runs - GPU latency: 23.1641 ms - Host latency: 23.4941 ms (end to end 23.5044 ms, enqueue 5.05179 ms)
[09/28/2026-12:39:00] [I] Average on 20 runs - GPU latency: 23.1702 ms - Host latency: 23.5004 ms (end to end 23.5107 ms, enqueue 5.09964 ms)
[09/28/2026-12:39:00] [I] Average on 20 runs - GPU latency: 23.1705 ms - Host latency: 23.5006 ms (end to end 23.511 ms, enqueue 5.18665 ms)
[09/28/2026-12:39:00] [I] Average on 20 runs - GPU latency: 23.1629 ms - Host latency: 23.4932 ms (end to end 23.5035 ms, enqueue 5.162 ms)
[09/28/2026-12:39:00] [I] Average on 20 runs - GPU latency: 23.1719 ms - Host latency: 23.5021 ms (end to end 23.5125 ms, enqueue 5.34923 ms)
[09/28/2026-12:39:00] [I] Average on 20 runs - GPU latency: 23.1723 ms - Host latency: 23.5029 ms (end to end 23.5132 ms, enqueue 5.0722 ms)
[09/28/2026-12:39:00] [I] Average on 20 runs - GPU latency: 23.1504 ms - Host latency: 23.4806 ms (end to end 23.4909 ms, enqueue 5.53102 ms)
[09/28/2026-12:39:00] [I] Average on 20 runs - GPU latency: 23.1516 ms - Host latency: 23.482 ms (end to end 23.4923 ms, enqueue 5.75997 ms)
[09/28/2026-12:39:00] [I] Average on 20 runs - GPU latency: 23.1585 ms - Host latency: 23.4886 ms (end to end 23.4988 ms, enqueue 5.24241 ms)
[09/28/2026-12:39:00] [I] 
[09/28/2026-12:39:00] [I] === Performance summary ===
[09/28/2026-12:39:00] [I] Throughput: 42.5428 qps
[09/28/2026-12:39:00] [I] Latency: min = 23.4316 ms, max = 23.575 ms, mean = 23.4948 ms, median = 23.4929 ms, percentile(99%) = 23.5633 ms
[09/28/2026-12:39:00] [I] End-to-End Host Latency: min = 23.4424 ms, max = 23.5848 ms, mean = 23.5051 ms, median = 23.5035 ms, percentile(99%) = 23.5738 ms
[09/28/2026-12:39:00] [I] Enqueue Time: min = 4.9736 ms, max = 6.50366 ms, mean = 5.25148 ms, median = 5.10092 ms, percentile(99%) = 6.41235 ms
[09/28/2026-12:39:00] [I] H2D Latency: min = 0.116699 ms, max = 0.122559 ms, mean = 0.11829 ms, median = 0.118164 ms, percentile(99%) = 0.120117 ms
[09/28/2026-12:39:00] [I] GPU Compute Time: min = 23.1016 ms, max = 23.2465 ms, mean = 23.1645 ms, median = 23.1632 ms, percentile(99%) = 23.2324 ms
[09/28/2026-12:39:00] [I] D2H Latency: min = 0.210449 ms, max = 0.213501 ms, mean = 0.211952 ms, median = 0.211914 ms, percentile(99%) = 0.213257 ms
[09/28/2026-12:39:00] [I] Total Host Walltime: 4.70115 s
[09/28/2026-12:39:00] [I] Total GPU Compute Time: 4.63291 s
[09/28/2026-12:39:00] [I] Explanations of the performance metrics are printed in the verbose logs.
[09/28/2026-12:39:00] [I] 
&&&& PASSED TensorRT.trtexec [TensorRT v8201] # /usr/src/tensorrt/bin/trtexec --onnx=/home/aviad/jdp/coco_320.onnx --workspace=1024 --iterations=200 --avgRuns=20 --percentile=99 --timingCacheFile=/home/aviad/jdp/timing.cache --saveEngine=/home/aviad/jdp/coco_320_fp16.engine --fp16
