&&&& RUNNING TensorRT.trtexec [TensorRT v8201] # /usr/src/tensorrt/bin/trtexec --onnx=/home/aviad/jdp/policy.onnx --workspace=1024 --iterations=300 --avgRuns=20 --percentile=99 --timingCacheFile=/home/aviad/jdp/timing.cache --saveEngine=/home/aviad/jdp/policy_fp32.engine
[09/28/2026-11:53:08] [I] === Model Options ===
[09/28/2026-11:53:08] [I] Format: ONNX
[09/28/2026-11:53:08] [I] Model: /home/aviad/jdp/policy.onnx
[09/28/2026-11:53:08] [I] Output:
[09/28/2026-11:53:08] [I] === Build Options ===
[09/28/2026-11:53:08] [I] Max batch: explicit batch
[09/28/2026-11:53:08] [I] Workspace: 1024 MiB
[09/28/2026-11:53:08] [I] minTiming: 1
[09/28/2026-11:53:08] [I] avgTiming: 8
[09/28/2026-11:53:08] [I] Precision: FP32
[09/28/2026-11:53:08] [I] Calibration: 
[09/28/2026-11:53:08] [I] Refit: Disabled
[09/28/2026-11:53:08] [I] Sparsity: Disabled
[09/28/2026-11:53:08] [I] Safe mode: Disabled
[09/28/2026-11:53:08] [I] DirectIO mode: Disabled
[09/28/2026-11:53:08] [I] Restricted mode: Disabled
[09/28/2026-11:53:08] [I] Save engine: /home/aviad/jdp/policy_fp32.engine
[09/28/2026-11:53:08] [I] Load engine: 
[09/28/2026-11:53:08] [I] Profiling verbosity: 0
[09/28/2026-11:53:08] [I] Tactic sources: Using default tactic sources
[09/28/2026-11:53:08] [I] timingCacheMode: global
[09/28/2026-11:53:08] [I] timingCacheFile: /home/aviad/jdp/timing.cache
[09/28/2026-11:53:08] [I] Input(s)s format: fp32:CHW
[09/28/2026-11:53:08] [I] Output(s)s format: fp32:CHW
[09/28/2026-11:53:08] [I] Input build shapes: model
[09/28/2026-11:53:08] [I] Input calibration shapes: model
[09/28/2026-11:53:08] [I] === System Options ===
[09/28/2026-11:53:08] [I] Device: 0
[09/28/2026-11:53:08] [I] DLACore: 
[09/28/2026-11:53:08] [I] Plugins:
[09/28/2026-11:53:08] [I] === Inference Options ===
[09/28/2026-11:53:08] [I] Batch: Explicit
[09/28/2026-11:53:08] [I] Input inference shapes: model
[09/28/2026-11:53:08] [I] Iterations: 300
[09/28/2026-11:53:08] [I] Duration: 3s (+ 200ms warm up)
[09/28/2026-11:53:08] [I] Sleep time: 0ms
[09/28/2026-11:53:08] [I] Idle time: 0ms
[09/28/2026-11:53:08] [I] Streams: 1
[09/28/2026-11:53:08] [I] ExposeDMA: Disabled
[09/28/2026-11:53:08] [I] Data transfers: Enabled
[09/28/2026-11:53:08] [I] Spin-wait: Disabled
[09/28/2026-11:53:08] [I] Multithreading: Disabled
[09/28/2026-11:53:08] [I] CUDA Graph: Disabled
[09/28/2026-11:53:08] [I] Separate profiling: Disabled
[09/28/2026-11:53:08] [I] Time Deserialize: Disabled
[09/28/2026-11:53:08] [I] Time Refit: Disabled
[09/28/2026-11:53:08] [I] Skip inference: Disabled
[09/28/2026-11:53:08] [I] Inputs:
[09/28/2026-11:53:08] [I] === Reporting Options ===
[09/28/2026-11:53:08] [I] Verbose: Disabled
[09/28/2026-11:53:08] [I] Averages: 20 inferences
[09/28/2026-11:53:08] [I] Percentile: 99
[09/28/2026-11:53:08] [I] Dump refittable layers:Disabled
[09/28/2026-11:53:08] [I] Dump output: Disabled
[09/28/2026-11:53:08] [I] Profile: Disabled
[09/28/2026-11:53:08] [I] Export timing to JSON file: 
[09/28/2026-11:53:08] [I] Export output to JSON file: 
[09/28/2026-11:53:08] [I] Export profile to JSON file: 
[09/28/2026-11:53:08] [I] 
[09/28/2026-11:53:08] [I] === Device Information ===
[09/28/2026-11:53:08] [I] Selected Device: NVIDIA Tegra X1
[09/28/2026-11:53:08] [I] Compute Capability: 5.3
[09/28/2026-11:53:08] [I] SMs: 1
[09/28/2026-11:53:08] [I] Compute Clock Rate: 0.9216 GHz
[09/28/2026-11:53:08] [I] Device Global Memory: 3964 MiB
[09/28/2026-11:53:08] [I] Shared Memory per SM: 64 KiB
[09/28/2026-11:53:08] [I] Memory Bus Width: 64 bits (ECC disabled)
[09/28/2026-11:53:08] [I] Memory Clock Rate: 0.01275 GHz
[09/28/2026-11:53:08] [I] 
[09/28/2026-11:53:08] [I] TensorRT version: 8.2.1
[09/28/2026-11:53:09] [I] [TRT] [MemUsageChange] Init CUDA: CPU +229, GPU +0, now: CPU 248, GPU 2718 (MiB)
[09/28/2026-11:53:10] [I] [TRT] [MemUsageSnapshot] Begin constructing builder kernel library: CPU 248 MiB, GPU 2718 MiB
[09/28/2026-11:53:10] [I] [TRT] [MemUsageSnapshot] End constructing builder kernel library: CPU 277 MiB, GPU 2747 MiB
[09/28/2026-11:53:10] [I] Start parsing network model
[09/28/2026-11:53:10] [I] [TRT] ----------------------------------------------------------------
[09/28/2026-11:53:10] [I] [TRT] Input filename:   /home/aviad/jdp/policy.onnx
[09/28/2026-11:53:10] [I] [TRT] ONNX IR version:  0.0.6
[09/28/2026-11:53:10] [I] [TRT] Opset version:    11
[09/28/2026-11:53:10] [I] [TRT] Producer name:    pytorch
[09/28/2026-11:53:10] [I] [TRT] Producer version: 2.14.0
[09/28/2026-11:53:10] [I] [TRT] Domain:           
[09/28/2026-11:53:10] [I] [TRT] Model version:    0
[09/28/2026-11:53:10] [I] [TRT] Doc string:       
[09/28/2026-11:53:10] [I] [TRT] ----------------------------------------------------------------
[09/28/2026-11:53:10] [I] Finish parsing network model
[09/28/2026-11:53:10] [I] Loaded 25392 bytes of timing cache from /home/aviad/jdp/timing.cache
[09/28/2026-11:53:10] [I] [TRT] ---------- Layers Running on DLA ----------
[09/28/2026-11:53:10] [I] [TRT] ---------- Layers Running on GPU ----------
[09/28/2026-11:53:10] [I] [TRT] [GpuLayer] mean
[09/28/2026-11:53:10] [I] [TRT] [GpuLayer] std
[09/28/2026-11:53:10] [I] [TRT] [GpuLayer] PWN(/Sub, /Div)
[09/28/2026-11:53:10] [I] [TRT] [GpuLayer] /net/conv1/Conv + /net/relu/Relu
[09/28/2026-11:53:10] [I] [TRT] [GpuLayer] /net/maxpool/MaxPool
[09/28/2026-11:53:10] [I] [TRT] [GpuLayer] /net/layer1/layer1.0/conv1/Conv + /net/layer1/layer1.0/relu/Relu
[09/28/2026-11:53:10] [I] [TRT] [GpuLayer] /net/layer1/layer1.0/conv2/Conv + /net/layer1/layer1.0/Add + /net/layer1/layer1.0/relu_1/Relu
[09/28/2026-11:53:10] [I] [TRT] [GpuLayer] /net/layer1/layer1.1/conv1/Conv + /net/layer1/layer1.1/relu/Relu
[09/28/2026-11:53:10] [I] [TRT] [GpuLayer] /net/layer1/layer1.1/conv2/Conv + /net/layer1/layer1.1/Add + /net/layer1/layer1.1/relu_1/Relu
[09/28/2026-11:53:10] [I] [TRT] [GpuLayer] /net/layer2/layer2.0/conv1/Conv + /net/layer2/layer2.0/relu/Relu
[09/28/2026-11:53:10] [I] [TRT] [GpuLayer] /net/layer2/layer2.0/downsample/downsample.0/Conv
[09/28/2026-11:53:10] [I] [TRT] [GpuLayer] /net/layer2/layer2.0/conv2/Conv + /net/layer2/layer2.0/Add + /net/layer2/layer2.0/relu_1/Relu
[09/28/2026-11:53:10] [I] [TRT] [GpuLayer] /net/layer2/layer2.1/conv1/Conv + /net/layer2/layer2.1/relu/Relu
[09/28/2026-11:53:10] [I] [TRT] [GpuLayer] /net/layer2/layer2.1/conv2/Conv + /net/layer2/layer2.1/Add + /net/layer2/layer2.1/relu_1/Relu
[09/28/2026-11:53:10] [I] [TRT] [GpuLayer] /net/layer3/layer3.0/conv1/Conv + /net/layer3/layer3.0/relu/Relu
[09/28/2026-11:53:10] [I] [TRT] [GpuLayer] /net/layer3/layer3.0/downsample/downsample.0/Conv
[09/28/2026-11:53:10] [I] [TRT] [GpuLayer] /net/layer3/layer3.0/conv2/Conv + /net/layer3/layer3.0/Add + /net/layer3/layer3.0/relu_1/Relu
[09/28/2026-11:53:10] [I] [TRT] [GpuLayer] /net/layer3/layer3.1/conv1/Conv + /net/layer3/layer3.1/relu/Relu
[09/28/2026-11:53:10] [I] [TRT] [GpuLayer] /net/layer3/layer3.1/conv2/Conv + /net/layer3/layer3.1/Add + /net/layer3/layer3.1/relu_1/Relu
[09/28/2026-11:53:10] [I] [TRT] [GpuLayer] /net/layer4/layer4.0/conv1/Conv + /net/layer4/layer4.0/relu/Relu
[09/28/2026-11:53:10] [I] [TRT] [GpuLayer] /net/layer4/layer4.0/downsample/downsample.0/Conv
[09/28/2026-11:53:10] [I] [TRT] [GpuLayer] /net/layer4/layer4.0/conv2/Conv + /net/layer4/layer4.0/Add + /net/layer4/layer4.0/relu_1/Relu
[09/28/2026-11:53:10] [I] [TRT] [GpuLayer] /net/layer4/layer4.1/conv1/Conv + /net/layer4/layer4.1/relu/Relu
[09/28/2026-11:53:10] [I] [TRT] [GpuLayer] /net/layer4/layer4.1/conv2/Conv + /net/layer4/layer4.1/Add + /net/layer4/layer4.1/relu_1/Relu
[09/28/2026-11:53:10] [I] [TRT] [GpuLayer] /net/avgpool/GlobalAveragePool
[09/28/2026-11:53:10] [I] [TRT] [GpuLayer] /net/fc/Gemm
[09/28/2026-11:53:10] [I] [TRT] [GpuLayer] (Unnamed Layer* 54) [Shuffle]
[09/28/2026-11:53:11] [I] [TRT] [MemUsageChange] Init cuBLAS/cuBLASLt: CPU +158, GPU +144, now: CPU 479, GPU 2950 (MiB)
[09/28/2026-11:53:12] [I] [TRT] [MemUsageChange] Init cuDNN: CPU +240, GPU +240, now: CPU 719, GPU 3190 (MiB)
[09/28/2026-11:53:12] [I] [TRT] Global timing cache in use. Profiling results in this builder pass will be stored.
[09/28/2026-11:53:12] [I] [TRT] Detected 1 inputs and 1 output network tensors.
[09/28/2026-11:53:13] [I] [TRT] Total Host Persistent Memory: 24176
[09/28/2026-11:53:13] [I] [TRT] Total Device Persistent Memory: 80949248
[09/28/2026-11:53:13] [I] [TRT] Total Scratch Memory: 2048
[09/28/2026-11:53:13] [I] [TRT] [MemUsageStats] Peak memory usage of TRT CPU/GPU memory allocators: CPU 9 MiB, GPU 192 MiB
[09/28/2026-11:53:13] [I] [TRT] [BlockAssignment] Algorithm ShiftNTopDown took 1.09672ms to assign 3 blocks to 25 nodes requiring 4816896 bytes.
[09/28/2026-11:53:13] [I] [TRT] Total Activation Memory: 4816896
[09/28/2026-11:53:13] [I] [TRT] [MemUsageChange] Init cuBLAS/cuBLASLt: CPU +0, GPU +0, now: CPU 731, GPU 3207 (MiB)
[09/28/2026-11:53:13] [I] [TRT] [MemUsageChange] Init cuDNN: CPU +0, GPU +0, now: CPU 731, GPU 3207 (MiB)
[09/28/2026-11:53:13] [I] [TRT] [MemUsageChange] TensorRT-managed allocation in building engine: CPU +0, GPU +128, now: CPU 0, GPU 128 (MiB)
[09/28/2026-11:53:13] [I] [TRT] [MemUsageChange] Init CUDA: CPU +0, GPU +0, now: CPU 821, GPU 3298 (MiB)
[09/28/2026-11:53:13] [I] [TRT] Loaded engine size: 90 MiB
[09/28/2026-11:53:13] [I] [TRT] [MemUsageChange] Init cuBLAS/cuBLASLt: CPU +0, GPU +0, now: CPU 821, GPU 3298 (MiB)
[09/28/2026-11:53:13] [I] [TRT] [MemUsageChange] Init cuDNN: CPU +0, GPU +0, now: CPU 821, GPU 3298 (MiB)
[09/28/2026-11:53:13] [I] [TRT] [MemUsageChange] TensorRT-managed allocation in engine deserialization: CPU +0, GPU +90, now: CPU 0, GPU 90 (MiB)
[09/28/2026-11:53:13] [I] Saved 25392 bytes of timing cache to /home/aviad/jdp/timing.cache
[09/28/2026-11:53:13] [I] Engine built in 5.85436 sec.
[09/28/2026-11:53:13] [I] [TRT] [MemUsageChange] Init cuBLAS/cuBLASLt: CPU +0, GPU +0, now: CPU 658, GPU 3181 (MiB)
[09/28/2026-11:53:13] [I] [TRT] [MemUsageChange] Init cuDNN: CPU +0, GPU +0, now: CPU 658, GPU 3181 (MiB)
[09/28/2026-11:53:14] [I] [TRT] [MemUsageChange] TensorRT-managed allocation in IExecutionContext creation: CPU +0, GPU +82, now: CPU 0, GPU 172 (MiB)
[09/28/2026-11:53:14] [I] Using random values for input bgr
[09/28/2026-11:53:14] [I] Created input binding for bgr with dimensions 1x3x224x224
[09/28/2026-11:53:14] [I] Using random values for output xy
[09/28/2026-11:53:14] [I] Created output binding for xy with dimensions 1x2
[09/28/2026-11:53:14] [I] Starting inference
[09/28/2026-11:53:21] [I] Warmup completed 1 queries over 200 ms
[09/28/2026-11:53:21] [I] Timing trace has 300 queries over 5.87675 s
[09/28/2026-11:53:21] [I] 
[09/28/2026-11:53:21] [I] === Trace details ===
[09/28/2026-11:53:21] [I] Trace averages of 20 runs:
[09/28/2026-11:53:21] [I] Average on 20 runs - GPU latency: 19.5283 ms - Host latency: 19.591 ms (end to end 19.6008 ms, enqueue 0.999042 ms)
[09/28/2026-11:53:21] [I] Average on 20 runs - GPU latency: 19.533 ms - Host latency: 19.5925 ms (end to end 19.6022 ms, enqueue 0.941888 ms)
[09/28/2026-11:53:21] [I] Average on 20 runs - GPU latency: 19.5167 ms - Host latency: 19.5759 ms (end to end 19.5855 ms, enqueue 0.85918 ms)
[09/28/2026-11:53:21] [I] Average on 20 runs - GPU latency: 19.5311 ms - Host latency: 19.5902 ms (end to end 19.5998 ms, enqueue 0.88125 ms)
[09/28/2026-11:53:21] [I] Average on 20 runs - GPU latency: 19.5267 ms - Host latency: 19.5857 ms (end to end 19.5952 ms, enqueue 0.878516 ms)
[09/28/2026-11:53:21] [I] Average on 20 runs - GPU latency: 19.5184 ms - Host latency: 19.5777 ms (end to end 19.5873 ms, enqueue 0.873535 ms)
[09/28/2026-11:53:21] [I] Average on 20 runs - GPU latency: 19.4968 ms - Host latency: 19.5562 ms (end to end 19.566 ms, enqueue 0.876135 ms)
[09/28/2026-11:53:21] [I] Average on 20 runs - GPU latency: 19.5114 ms - Host latency: 19.5704 ms (end to end 19.58 ms, enqueue 0.888208 ms)
[09/28/2026-11:53:21] [I] Average on 20 runs - GPU latency: 19.5207 ms - Host latency: 19.5798 ms (end to end 19.5893 ms, enqueue 0.874341 ms)
[09/28/2026-11:53:21] [I] Average on 20 runs - GPU latency: 19.5437 ms - Host latency: 19.6031 ms (end to end 19.6125 ms, enqueue 0.870898 ms)
[09/28/2026-11:53:21] [I] Average on 20 runs - GPU latency: 19.5277 ms - Host latency: 19.5871 ms (end to end 19.5967 ms, enqueue 0.876514 ms)
[09/28/2026-11:53:21] [I] Average on 20 runs - GPU latency: 19.5117 ms - Host latency: 19.5709 ms (end to end 19.5806 ms, enqueue 0.870288 ms)
[09/28/2026-11:53:21] [I] Average on 20 runs - GPU latency: 19.5101 ms - Host latency: 19.5692 ms (end to end 19.579 ms, enqueue 0.877246 ms)
[09/28/2026-11:53:21] [I] Average on 20 runs - GPU latency: 19.5026 ms - Host latency: 19.5616 ms (end to end 19.5712 ms, enqueue 0.873633 ms)
[09/28/2026-11:53:21] [I] Average on 20 runs - GPU latency: 19.5144 ms - Host latency: 19.5733 ms (end to end 19.5828 ms, enqueue 0.894116 ms)
[09/28/2026-11:53:21] [I] 
[09/28/2026-11:53:21] [I] === Performance summary ===
[09/28/2026-11:53:21] [I] Throughput: 51.0486 qps
[09/28/2026-11:53:21] [I] Latency: min = 19.415 ms, max = 19.7837 ms, mean = 19.579 ms, median = 19.5833 ms, percentile(99%) = 19.7585 ms
[09/28/2026-11:53:21] [I] End-to-End Host Latency: min = 19.4243 ms, max = 19.7925 ms, mean = 19.5886 ms, median = 19.593 ms, percentile(99%) = 19.7678 ms
[09/28/2026-11:53:21] [I] Enqueue Time: min = 0.813232 ms, max = 1.29712 ms, mean = 0.888986 ms, median = 0.877319 ms, percentile(99%) = 1.09106 ms
[09/28/2026-11:53:21] [I] H2D Latency: min = 0.0551758 ms, max = 0.11731 ms, mean = 0.0567098 ms, median = 0.0565186 ms, percentile(99%) = 0.05896 ms
[09/28/2026-11:53:21] [I] GPU Compute Time: min = 19.356 ms, max = 19.7244 ms, mean = 19.5196 ms, median = 19.5239 ms, percentile(99%) = 19.7 ms
[09/28/2026-11:53:21] [I] D2H Latency: min = 0.000976562 ms, max = 0.00341797 ms, mean = 0.00271891 ms, median = 0.00268555 ms, percentile(99%) = 0.00341797 ms
[09/28/2026-11:53:21] [I] Total Host Walltime: 5.87675 s
[09/28/2026-11:53:21] [I] Total GPU Compute Time: 5.85587 s
[09/28/2026-11:53:21] [I] Explanations of the performance metrics are printed in the verbose logs.
[09/28/2026-11:53:21] [I] 
&&&& PASSED TensorRT.trtexec [TensorRT v8201] # /usr/src/tensorrt/bin/trtexec --onnx=/home/aviad/jdp/policy.onnx --workspace=1024 --iterations=300 --avgRuns=20 --percentile=99 --timingCacheFile=/home/aviad/jdp/timing.cache --saveEngine=/home/aviad/jdp/policy_fp32.engine
