&&&& RUNNING TensorRT.trtexec [TensorRT v8201] # /usr/src/tensorrt/bin/trtexec --onnx=/home/aviad/jdp/yolo2024_320.onnx --workspace=1024 --iterations=200 --avgRuns=20 --percentile=99 --timingCacheFile=/home/aviad/jdp/timing.cache --saveEngine=/home/aviad/jdp/yolo2024_320_fp16.engine --fp16
[09/28/2026-12:32:53] [I] === Model Options ===
[09/28/2026-12:32:53] [I] Format: ONNX
[09/28/2026-12:32:53] [I] Model: /home/aviad/jdp/yolo2024_320.onnx
[09/28/2026-12:32:53] [I] Output:
[09/28/2026-12:32:53] [I] === Build Options ===
[09/28/2026-12:32:53] [I] Max batch: explicit batch
[09/28/2026-12:32:53] [I] Workspace: 1024 MiB
[09/28/2026-12:32:53] [I] minTiming: 1
[09/28/2026-12:32:53] [I] avgTiming: 8
[09/28/2026-12:32:53] [I] Precision: FP32+FP16
[09/28/2026-12:32:53] [I] Calibration: 
[09/28/2026-12:32:53] [I] Refit: Disabled
[09/28/2026-12:32:53] [I] Sparsity: Disabled
[09/28/2026-12:32:53] [I] Safe mode: Disabled
[09/28/2026-12:32:53] [I] DirectIO mode: Disabled
[09/28/2026-12:32:53] [I] Restricted mode: Disabled
[09/28/2026-12:32:53] [I] Save engine: /home/aviad/jdp/yolo2024_320_fp16.engine
[09/28/2026-12:32:53] [I] Load engine: 
[09/28/2026-12:32:53] [I] Profiling verbosity: 0
[09/28/2026-12:32:53] [I] Tactic sources: Using default tactic sources
[09/28/2026-12:32:53] [I] timingCacheMode: global
[09/28/2026-12:32:53] [I] timingCacheFile: /home/aviad/jdp/timing.cache
[09/28/2026-12:32:53] [I] Input(s)s format: fp32:CHW
[09/28/2026-12:32:53] [I] Output(s)s format: fp32:CHW
[09/28/2026-12:32:53] [I] Input build shapes: model
[09/28/2026-12:32:53] [I] Input calibration shapes: model
[09/28/2026-12:32:53] [I] === System Options ===
[09/28/2026-12:32:53] [I] Device: 0
[09/28/2026-12:32:53] [I] DLACore: 
[09/28/2026-12:32:53] [I] Plugins:
[09/28/2026-12:32:53] [I] === Inference Options ===
[09/28/2026-12:32:53] [I] Batch: Explicit
[09/28/2026-12:32:53] [I] Input inference shapes: model
[09/28/2026-12:32:53] [I] Iterations: 200
[09/28/2026-12:32:53] [I] Duration: 3s (+ 200ms warm up)
[09/28/2026-12:32:53] [I] Sleep time: 0ms
[09/28/2026-12:32:53] [I] Idle time: 0ms
[09/28/2026-12:32:53] [I] Streams: 1
[09/28/2026-12:32:53] [I] ExposeDMA: Disabled
[09/28/2026-12:32:53] [I] Data transfers: Enabled
[09/28/2026-12:32:53] [I] Spin-wait: Disabled
[09/28/2026-12:32:53] [I] Multithreading: Disabled
[09/28/2026-12:32:53] [I] CUDA Graph: Disabled
[09/28/2026-12:32:53] [I] Separate profiling: Disabled
[09/28/2026-12:32:53] [I] Time Deserialize: Disabled
[09/28/2026-12:32:53] [I] Time Refit: Disabled
[09/28/2026-12:32:53] [I] Skip inference: Disabled
[09/28/2026-12:32:53] [I] Inputs:
[09/28/2026-12:32:53] [I] === Reporting Options ===
[09/28/2026-12:32:53] [I] Verbose: Disabled
[09/28/2026-12:32:53] [I] Averages: 20 inferences
[09/28/2026-12:32:53] [I] Percentile: 99
[09/28/2026-12:32:53] [I] Dump refittable layers:Disabled
[09/28/2026-12:32:53] [I] Dump output: Disabled
[09/28/2026-12:32:53] [I] Profile: Disabled
[09/28/2026-12:32:53] [I] Export timing to JSON file: 
[09/28/2026-12:32:53] [I] Export output to JSON file: 
[09/28/2026-12:32:53] [I] Export profile to JSON file: 
[09/28/2026-12:32:53] [I] 
[09/28/2026-12:32:53] [I] === Device Information ===
[09/28/2026-12:32:53] [I] Selected Device: NVIDIA Tegra X1
[09/28/2026-12:32:53] [I] Compute Capability: 5.3
[09/28/2026-12:32:53] [I] SMs: 1
[09/28/2026-12:32:53] [I] Compute Clock Rate: 0.9216 GHz
[09/28/2026-12:32:53] [I] Device Global Memory: 3964 MiB
[09/28/2026-12:32:53] [I] Shared Memory per SM: 64 KiB
[09/28/2026-12:32:53] [I] Memory Bus Width: 64 bits (ECC disabled)
[09/28/2026-12:32:53] [I] Memory Clock Rate: 0.01275 GHz
[09/28/2026-12:32:53] [I] 
[09/28/2026-12:32:53] [I] TensorRT version: 8.2.1
[09/28/2026-12:32:54] [I] [TRT] [MemUsageChange] Init CUDA: CPU +229, GPU +0, now: CPU 248, GPU 2562 (MiB)
[09/28/2026-12:32:55] [I] [TRT] [MemUsageSnapshot] Begin constructing builder kernel library: CPU 248 MiB, GPU 2562 MiB
[09/28/2026-12:32:55] [I] [TRT] [MemUsageSnapshot] End constructing builder kernel library: CPU 278 MiB, GPU 2592 MiB
[09/28/2026-12:32:55] [I] Start parsing network model
[09/28/2026-12:32:55] [I] [TRT] ----------------------------------------------------------------
[09/28/2026-12:32:55] [I] [TRT] Input filename:   /home/aviad/jdp/yolo2024_320.onnx
[09/28/2026-12:32:55] [I] [TRT] ONNX IR version:  0.0.6
[09/28/2026-12:32:55] [I] [TRT] Opset version:    11
[09/28/2026-12:32:55] [I] [TRT] Producer name:    pytorch
[09/28/2026-12:32:55] [I] [TRT] Producer version: 2.14.0
[09/28/2026-12:32:55] [I] [TRT] Domain:           
[09/28/2026-12:32:55] [I] [TRT] Model version:    0
[09/28/2026-12:32:55] [I] [TRT] Doc string:       
[09/28/2026-12:32:55] [I] [TRT] ----------------------------------------------------------------
[09/28/2026-12:32:55] [W] [TRT] onnx2trt_utils.cpp:366: Your ONNX model has been generated with INT64 weights, while TensorRT does not natively support INT64. Attempting to cast down to INT32.
[09/28/2026-12:32:55] [I] Finish parsing network model
[09/28/2026-12:32:55] [I] Loaded 218728 bytes of timing cache from /home/aviad/jdp/timing.cache
[09/28/2026-12:32:55] [I] [TRT] ---------- Layers Running on DLA ----------
[09/28/2026-12:32:55] [I] [TRT] ---------- Layers Running on GPU ----------
[09/28/2026-12:32:55] [I] [TRT] [GpuLayer] /model.0/conv/Conv
[09/28/2026-12:32:55] [I] [TRT] [GpuLayer] PWN(PWN(/model.0/act/Sigmoid), /model.0/act/Mul)
[09/28/2026-12:32:55] [I] [TRT] [GpuLayer] /model.1/conv/Conv
[09/28/2026-12:32:55] [I] [TRT] [GpuLayer] PWN(PWN(/model.1/act/Sigmoid), /model.1/act/Mul)
[09/28/2026-12:32:55] [I] [TRT] [GpuLayer] /model.2/cv1/conv/Conv || /model.2/cv2/conv/Conv
[09/28/2026-12:32:55] [I] [TRT] [GpuLayer] PWN(PWN(/model.2/cv1/act/Sigmoid), /model.2/cv1/act/Mul)
[09/28/2026-12:32:55] [I] [TRT] [GpuLayer] PWN(PWN(/model.2/cv2/act/Sigmoid), /model.2/cv2/act/Mul)
[09/28/2026-12:32:55] [I] [TRT] [GpuLayer] /model.2/m/m.0/cv1/conv/Conv
[09/28/2026-12:32:55] [I] [TRT] [GpuLayer] PWN(PWN(/model.2/m/m.0/cv1/act/Sigmoid), /model.2/m/m.0/cv1/act/Mul)
[09/28/2026-12:32:55] [I] [TRT] [GpuLayer] /model.2/m/m.0/cv2/conv/Conv
[09/28/2026-12:32:55] [I] [TRT] [GpuLayer] PWN(PWN(PWN(/model.2/m/m.0/cv2/act/Sigmoid), /model.2/m/m.0/cv2/act/Mul), /model.2/m/m.0/Add)
[09/28/2026-12:32:55] [I] [TRT] [GpuLayer] /model.2/cv3/conv/Conv
[09/28/2026-12:32:55] [I] [TRT] [GpuLayer] PWN(PWN(/model.2/cv3/act/Sigmoid), /model.2/cv3/act/Mul)
[09/28/2026-12:32:55] [I] [TRT] [GpuLayer] /model.3/conv/Conv
[09/28/2026-12:32:55] [I] [TRT] [GpuLayer] PWN(PWN(/model.3/act/Sigmoid), /model.3/act/Mul)
[09/28/2026-12:32:55] [I] [TRT] [GpuLayer] /model.4/cv1/conv/Conv || /model.4/cv2/conv/Conv
[09/28/2026-12:32:55] [I] [TRT] [GpuLayer] PWN(PWN(/model.4/cv1/act/Sigmoid), /model.4/cv1/act/Mul)
[09/28/2026-12:32:55] [I] [TRT] [GpuLayer] PWN(PWN(/model.4/cv2/act/Sigmoid), /model.4/cv2/act/Mul)
[09/28/2026-12:32:55] [I] [TRT] [GpuLayer] /model.4/m/m.0/cv1/conv/Conv
[09/28/2026-12:32:55] [I] [TRT] [GpuLayer] PWN(PWN(/model.4/m/m.0/cv1/act/Sigmoid), /model.4/m/m.0/cv1/act/Mul)
[09/28/2026-12:32:55] [I] [TRT] [GpuLayer] /model.4/m/m.0/cv2/conv/Conv
[09/28/2026-12:32:55] [I] [TRT] [GpuLayer] PWN(PWN(PWN(/model.4/m/m.0/cv2/act/Sigmoid), /model.4/m/m.0/cv2/act/Mul), /model.4/m/m.0/Add)
[09/28/2026-12:32:55] [I] [TRT] [GpuLayer] /model.4/m/m.1/cv1/conv/Conv
[09/28/2026-12:32:55] [I] [TRT] [GpuLayer] PWN(PWN(/model.4/m/m.1/cv1/act/Sigmoid), /model.4/m/m.1/cv1/act/Mul)
[09/28/2026-12:32:55] [I] [TRT] [GpuLayer] /model.4/m/m.1/cv2/conv/Conv
[09/28/2026-12:32:55] [I] [TRT] [GpuLayer] PWN(PWN(PWN(/model.4/m/m.1/cv2/act/Sigmoid), /model.4/m/m.1/cv2/act/Mul), /model.4/m/m.1/Add)
[09/28/2026-12:32:55] [I] [TRT] [GpuLayer] /model.4/cv3/conv/Conv
[09/28/2026-12:32:55] [I] [TRT] [GpuLayer] PWN(PWN(/model.4/cv3/act/Sigmoid), /model.4/cv3/act/Mul)
[09/28/2026-12:32:55] [I] [TRT] [GpuLayer] /model.5/conv/Conv
[09/28/2026-12:32:55] [I] [TRT] [GpuLayer] PWN(PWN(/model.5/act/Sigmoid), /model.5/act/Mul)
[09/28/2026-12:32:55] [I] [TRT] [GpuLayer] /model.6/cv1/conv/Conv || /model.6/cv2/conv/Conv
[09/28/2026-12:32:55] [I] [TRT] [GpuLayer] PWN(PWN(/model.6/cv1/act/Sigmoid), /model.6/cv1/act/Mul)
[09/28/2026-12:32:55] [I] [TRT] [GpuLayer] PWN(PWN(/model.6/cv2/act/Sigmoid), /model.6/cv2/act/Mul)
[09/28/2026-12:32:55] [I] [TRT] [GpuLayer] /model.6/m/m.0/cv1/conv/Conv
[09/28/2026-12:32:55] [I] [TRT] [GpuLayer] PWN(PWN(/model.6/m/m.0/cv1/act/Sigmoid), /model.6/m/m.0/cv1/act/Mul)
[09/28/2026-12:32:55] [I] [TRT] [GpuLayer] /model.6/m/m.0/cv2/conv/Conv
[09/28/2026-12:32:55] [I] [TRT] [GpuLayer] PWN(PWN(PWN(/model.6/m/m.0/cv2/act/Sigmoid), /model.6/m/m.0/cv2/act/Mul), /model.6/m/m.0/Add)
[09/28/2026-12:32:55] [I] [TRT] [GpuLayer] /model.6/m/m.1/cv1/conv/Conv
[09/28/2026-12:32:55] [I] [TRT] [GpuLayer] PWN(PWN(/model.6/m/m.1/cv1/act/Sigmoid), /model.6/m/m.1/cv1/act/Mul)
[09/28/2026-12:32:55] [I] [TRT] [GpuLayer] /model.6/m/m.1/cv2/conv/Conv
[09/28/2026-12:32:55] [I] [TRT] [GpuLayer] PWN(PWN(PWN(/model.6/m/m.1/cv2/act/Sigmoid), /model.6/m/m.1/cv2/act/Mul), /model.6/m/m.1/Add)
[09/28/2026-12:32:55] [I] [TRT] [GpuLayer] /model.6/m/m.2/cv1/conv/Conv
[09/28/2026-12:32:55] [I] [TRT] [GpuLayer] PWN(PWN(/model.6/m/m.2/cv1/act/Sigmoid), /model.6/m/m.2/cv1/act/Mul)
[09/28/2026-12:32:55] [I] [TRT] [GpuLayer] /model.6/m/m.2/cv2/conv/Conv
[09/28/2026-12:32:55] [I] [TRT] [GpuLayer] PWN(PWN(PWN(/model.6/m/m.2/cv2/act/Sigmoid), /model.6/m/m.2/cv2/act/Mul), /model.6/m/m.2/Add)
[09/28/2026-12:32:55] [I] [TRT] [GpuLayer] /model.6/cv3/conv/Conv
[09/28/2026-12:32:55] [I] [TRT] [GpuLayer] PWN(PWN(/model.6/cv3/act/Sigmoid), /model.6/cv3/act/Mul)
[09/28/2026-12:32:55] [I] [TRT] [GpuLayer] /model.7/conv/Conv
[09/28/2026-12:32:55] [I] [TRT] [GpuLayer] PWN(PWN(/model.7/act/Sigmoid), /model.7/act/Mul)
[09/28/2026-12:32:55] [I] [TRT] [GpuLayer] /model.8/cv1/conv/Conv || /model.8/cv2/conv/Conv
[09/28/2026-12:32:55] [I] [TRT] [GpuLayer] PWN(PWN(/model.8/cv1/act/Sigmoid), /model.8/cv1/act/Mul)
[09/28/2026-12:32:55] [I] [TRT] [GpuLayer] PWN(PWN(/model.8/cv2/act/Sigmoid), /model.8/cv2/act/Mul)
[09/28/2026-12:32:55] [I] [TRT] [GpuLayer] /model.8/m/m.0/cv1/conv/Conv
[09/28/2026-12:32:55] [I] [TRT] [GpuLayer] PWN(PWN(/model.8/m/m.0/cv1/act/Sigmoid), /model.8/m/m.0/cv1/act/Mul)
[09/28/2026-12:32:55] [I] [TRT] [GpuLayer] /model.8/m/m.0/cv2/conv/Conv
[09/28/2026-12:32:55] [I] [TRT] [GpuLayer] PWN(PWN(PWN(/model.8/m/m.0/cv2/act/Sigmoid), /model.8/m/m.0/cv2/act/Mul), /model.8/m/m.0/Add)
[09/28/2026-12:32:55] [I] [TRT] [GpuLayer] /model.8/cv3/conv/Conv
[09/28/2026-12:32:55] [I] [TRT] [GpuLayer] PWN(PWN(/model.8/cv3/act/Sigmoid), /model.8/cv3/act/Mul)
[09/28/2026-12:32:55] [I] [TRT] [GpuLayer] /model.9/cv1/conv/Conv
[09/28/2026-12:32:55] [I] [TRT] [GpuLayer] PWN(PWN(/model.9/cv1/act/Sigmoid), /model.9/cv1/act/Mul)
[09/28/2026-12:32:55] [I] [TRT] [GpuLayer] /model.9/m/MaxPool
[09/28/2026-12:32:55] [I] [TRT] [GpuLayer] /model.9/m_1/MaxPool
[09/28/2026-12:32:55] [I] [TRT] [GpuLayer] /model.9/m_2/MaxPool
[09/28/2026-12:32:55] [I] [TRT] [GpuLayer] /model.9/cv1/act/Mul_output_0 copy
[09/28/2026-12:32:55] [I] [TRT] [GpuLayer] /model.9/m/MaxPool_output_0 copy
[09/28/2026-12:32:55] [I] [TRT] [GpuLayer] /model.9/m_1/MaxPool_output_0 copy
[09/28/2026-12:32:55] [I] [TRT] [GpuLayer] /model.9/m_2/MaxPool_output_0 copy
[09/28/2026-12:32:55] [I] [TRT] [GpuLayer] /model.9/cv2/conv/Conv
[09/28/2026-12:32:55] [I] [TRT] [GpuLayer] PWN(PWN(/model.9/cv2/act/Sigmoid), /model.9/cv2/act/Mul)
[09/28/2026-12:32:55] [I] [TRT] [GpuLayer] /model.10/conv/Conv
[09/28/2026-12:32:55] [I] [TRT] [GpuLayer] PWN(PWN(/model.10/act/Sigmoid), /model.10/act/Mul)
[09/28/2026-12:32:55] [I] [TRT] [GpuLayer] /model.11/Resize
[09/28/2026-12:32:55] [I] [TRT] [GpuLayer] /model.11/Resize_output_0 copy
[09/28/2026-12:32:55] [I] [TRT] [GpuLayer] /model.13/cv1/conv/Conv || /model.13/cv2/conv/Conv
[09/28/2026-12:32:55] [I] [TRT] [GpuLayer] PWN(PWN(/model.13/cv1/act/Sigmoid), /model.13/cv1/act/Mul)
[09/28/2026-12:32:55] [I] [TRT] [GpuLayer] PWN(PWN(/model.13/cv2/act/Sigmoid), /model.13/cv2/act/Mul)
[09/28/2026-12:32:55] [I] [TRT] [GpuLayer] /model.13/m/m.0/cv1/conv/Conv
[09/28/2026-12:32:55] [I] [TRT] [GpuLayer] PWN(PWN(/model.13/m/m.0/cv1/act/Sigmoid), /model.13/m/m.0/cv1/act/Mul)
[09/28/2026-12:32:55] [I] [TRT] [GpuLayer] /model.13/m/m.0/cv2/conv/Conv
[09/28/2026-12:32:55] [I] [TRT] [GpuLayer] PWN(PWN(/model.13/m/m.0/cv2/act/Sigmoid), /model.13/m/m.0/cv2/act/Mul)
[09/28/2026-12:32:55] [I] [TRT] [GpuLayer] /model.13/cv3/conv/Conv
[09/28/2026-12:32:55] [I] [TRT] [GpuLayer] PWN(PWN(/model.13/cv3/act/Sigmoid), /model.13/cv3/act/Mul)
[09/28/2026-12:32:55] [I] [TRT] [GpuLayer] /model.14/conv/Conv
[09/28/2026-12:32:55] [I] [TRT] [GpuLayer] PWN(PWN(/model.14/act/Sigmoid), /model.14/act/Mul)
[09/28/2026-12:32:55] [I] [TRT] [GpuLayer] /model.15/Resize
[09/28/2026-12:32:55] [I] [TRT] [GpuLayer] /model.15/Resize_output_0 copy
[09/28/2026-12:32:55] [I] [TRT] [GpuLayer] /model.17/cv1/conv/Conv || /model.17/cv2/conv/Conv
[09/28/2026-12:32:55] [I] [TRT] [GpuLayer] PWN(PWN(/model.17/cv1/act/Sigmoid), /model.17/cv1/act/Mul)
[09/28/2026-12:32:55] [I] [TRT] [GpuLayer] PWN(PWN(/model.17/cv2/act/Sigmoid), /model.17/cv2/act/Mul)
[09/28/2026-12:32:55] [I] [TRT] [GpuLayer] /model.17/m/m.0/cv1/conv/Conv
[09/28/2026-12:32:55] [I] [TRT] [GpuLayer] PWN(PWN(/model.17/m/m.0/cv1/act/Sigmoid), /model.17/m/m.0/cv1/act/Mul)
[09/28/2026-12:32:55] [I] [TRT] [GpuLayer] /model.17/m/m.0/cv2/conv/Conv
[09/28/2026-12:32:55] [I] [TRT] [GpuLayer] PWN(PWN(/model.17/m/m.0/cv2/act/Sigmoid), /model.17/m/m.0/cv2/act/Mul)
[09/28/2026-12:32:55] [I] [TRT] [GpuLayer] /model.17/cv3/conv/Conv
[09/28/2026-12:32:55] [I] [TRT] [GpuLayer] PWN(PWN(/model.17/cv3/act/Sigmoid), /model.17/cv3/act/Mul)
[09/28/2026-12:32:55] [I] [TRT] [GpuLayer] /model.18/conv/Conv
[09/28/2026-12:32:55] [I] [TRT] [GpuLayer] /model.24/m.0/Conv
[09/28/2026-12:32:55] [I] [TRT] [GpuLayer] /model.24/Reshape + /model.24/Transpose
[09/28/2026-12:32:55] [I] [TRT] [GpuLayer] PWN(PWN(/model.18/act/Sigmoid), /model.18/act/Mul)
[09/28/2026-12:32:55] [I] [TRT] [GpuLayer] /model.14/act/Mul_output_0 copy
[09/28/2026-12:32:55] [I] [TRT] [GpuLayer] PWN(/model.24/Sigmoid)
[09/28/2026-12:32:55] [I] [TRT] [GpuLayer] /model.20/cv1/conv/Conv || /model.20/cv2/conv/Conv
[09/28/2026-12:32:55] [I] [TRT] [GpuLayer] /model.24/Split
[09/28/2026-12:32:55] [I] [TRT] [GpuLayer] /model.24/Split_0
[09/28/2026-12:32:55] [I] [TRT] [GpuLayer] /model.24/Split_1
[09/28/2026-12:32:55] [I] [TRT] [GpuLayer] PWN(PWN(/model.20/cv1/act/Sigmoid), /model.20/cv1/act/Mul)
[09/28/2026-12:32:55] [I] [TRT] [GpuLayer] PWN(PWN(/model.20/cv2/act/Sigmoid), /model.20/cv2/act/Mul)
[09/28/2026-12:32:55] [I] [TRT] [GpuLayer] /model.24/Constant_2_output_0
[09/28/2026-12:32:55] [I] [TRT] [GpuLayer] /model.20/m/m.0/cv1/conv/Conv
[09/28/2026-12:32:55] [I] [TRT] [GpuLayer] PWN(PWN(/model.24/Constant_1_output_0 + (Unnamed Layer* 172) [Shuffle] + /model.24/Mul, /model.24/Add), /model.24/Constant_3_output_0 + (Unnamed Layer* 186) [Shuffle] + /model.24/Mul_1)
[09/28/2026-12:32:55] [I] [TRT] [GpuLayer] /model.24/Constant_6_output_0
[09/28/2026-12:32:55] [I] [TRT] [GpuLayer] PWN(PWN(/model.24/Constant_1_output_0_3 + (Unnamed Layer* 182) [Shuffle], PWN(/model.24/Constant_1_output_0_2 + (Unnamed Layer* 175) [Shuffle] + /model.24/Mul_2, /model.24/Pow)), /model.24/Mul_3)
[09/28/2026-12:32:55] [I] [TRT] [GpuLayer] /model.24/Mul_1_output_0 copy
[09/28/2026-12:32:55] [I] [TRT] [GpuLayer] /model.24/Mul_3_output_0 copy
[09/28/2026-12:32:55] [I] [TRT] [GpuLayer] /model.24/Split_output_2 copy
[09/28/2026-12:32:55] [I] [TRT] [GpuLayer] PWN(PWN(/model.20/m/m.0/cv1/act/Sigmoid), /model.20/m/m.0/cv1/act/Mul)
[09/28/2026-12:32:55] [I] [TRT] [GpuLayer] /model.24/Reshape_1
[09/28/2026-12:32:55] [I] [TRT] [GpuLayer] /model.20/m/m.0/cv2/conv/Conv
[09/28/2026-12:32:55] [I] [TRT] [GpuLayer] PWN(PWN(/model.20/m/m.0/cv2/act/Sigmoid), /model.20/m/m.0/cv2/act/Mul)
[09/28/2026-12:32:55] [I] [TRT] [GpuLayer] /model.20/cv3/conv/Conv
[09/28/2026-12:32:55] [I] [TRT] [GpuLayer] PWN(PWN(/model.20/cv3/act/Sigmoid), /model.20/cv3/act/Mul)
[09/28/2026-12:32:55] [I] [TRT] [GpuLayer] /model.21/conv/Conv
[09/28/2026-12:32:55] [I] [TRT] [GpuLayer] /model.24/m.1/Conv
[09/28/2026-12:32:55] [I] [TRT] [GpuLayer] /model.24/Reshape_2 + /model.24/Transpose_1
[09/28/2026-12:32:55] [I] [TRT] [GpuLayer] PWN(PWN(/model.21/act/Sigmoid), /model.21/act/Mul)
[09/28/2026-12:32:55] [I] [TRT] [GpuLayer] /model.10/act/Mul_output_0 copy
[09/28/2026-12:32:55] [I] [TRT] [GpuLayer] PWN(/model.24/Sigmoid_1)
[09/28/2026-12:32:55] [I] [TRT] [GpuLayer] /model.23/cv1/conv/Conv || /model.23/cv2/conv/Conv
[09/28/2026-12:32:55] [I] [TRT] [GpuLayer] /model.24/Split_1_4
[09/28/2026-12:32:55] [I] [TRT] [GpuLayer] /model.24/Split_1_5
[09/28/2026-12:32:55] [I] [TRT] [GpuLayer] /model.24/Split_1_6
[09/28/2026-12:32:55] [I] [TRT] [GpuLayer] PWN(PWN(/model.23/cv1/act/Sigmoid), /model.23/cv1/act/Mul)
[09/28/2026-12:32:55] [I] [TRT] [GpuLayer] PWN(PWN(/model.23/cv2/act/Sigmoid), /model.23/cv2/act/Mul)
[09/28/2026-12:32:55] [I] [TRT] [GpuLayer] /model.24/Constant_10_output_0
[09/28/2026-12:32:55] [I] [TRT] [GpuLayer] /model.23/m/m.0/cv1/conv/Conv
[09/28/2026-12:32:55] [I] [TRT] [GpuLayer] PWN(PWN(/model.24/Constant_1_output_0_7 + (Unnamed Layer* 217) [Shuffle] + /model.24/Mul_4, /model.24/Add_1), /model.24/Constant_11_output_0 + (Unnamed Layer* 231) [Shuffle] + /model.24/Mul_5)
[09/28/2026-12:32:55] [I] [TRT] [GpuLayer] /model.24/Constant_14_output_0
[09/28/2026-12:32:55] [I] [TRT] [GpuLayer] PWN(PWN(/model.24/Constant_1_output_0_9 + (Unnamed Layer* 227) [Shuffle], PWN(/model.24/Constant_1_output_0_8 + (Unnamed Layer* 220) [Shuffle] + /model.24/Mul_6, /model.24/Pow_1)), /model.24/Mul_7)
[09/28/2026-12:32:55] [I] [TRT] [GpuLayer] /model.24/Mul_5_output_0 copy
[09/28/2026-12:32:55] [I] [TRT] [GpuLayer] /model.24/Mul_7_output_0 copy
[09/28/2026-12:32:55] [I] [TRT] [GpuLayer] /model.24/Split_1_output_2 copy
[09/28/2026-12:32:55] [I] [TRT] [GpuLayer] PWN(PWN(/model.23/m/m.0/cv1/act/Sigmoid), /model.23/m/m.0/cv1/act/Mul)
[09/28/2026-12:32:55] [I] [TRT] [GpuLayer] /model.24/Reshape_3
[09/28/2026-12:32:55] [I] [TRT] [GpuLayer] /model.23/m/m.0/cv2/conv/Conv
[09/28/2026-12:32:55] [I] [TRT] [GpuLayer] PWN(PWN(/model.23/m/m.0/cv2/act/Sigmoid), /model.23/m/m.0/cv2/act/Mul)
[09/28/2026-12:32:55] [I] [TRT] [GpuLayer] /model.23/cv3/conv/Conv
[09/28/2026-12:32:55] [I] [TRT] [GpuLayer] PWN(PWN(/model.23/cv3/act/Sigmoid), /model.23/cv3/act/Mul)
[09/28/2026-12:32:55] [I] [TRT] [GpuLayer] /model.24/m.2/Conv
[09/28/2026-12:32:55] [I] [TRT] [GpuLayer] /model.24/Reshape_4 + /model.24/Transpose_2
[09/28/2026-12:32:55] [I] [TRT] [GpuLayer] PWN(/model.24/Sigmoid_2)
[09/28/2026-12:32:55] [I] [TRT] [GpuLayer] /model.24/Split_2
[09/28/2026-12:32:55] [I] [TRT] [GpuLayer] /model.24/Split_2_10
[09/28/2026-12:32:55] [I] [TRT] [GpuLayer] /model.24/Split_2_11
[09/28/2026-12:32:55] [I] [TRT] [GpuLayer] /model.24/Constant_18_output_0
[09/28/2026-12:32:55] [I] [TRT] [GpuLayer] PWN(PWN(/model.24/Constant_1_output_0_12 + (Unnamed Layer* 254) [Shuffle] + /model.24/Mul_8, /model.24/Add_2), /model.24/Constant_19_output_0 + (Unnamed Layer* 265) [Shuffle] + /model.24/Mul_9)
[09/28/2026-12:32:55] [I] [TRT] [GpuLayer] /model.24/Constant_22_output_0
[09/28/2026-12:32:55] [I] [TRT] [GpuLayer] PWN(PWN(/model.24/Constant_1_output_0_14 + (Unnamed Layer* 262) [Shuffle], PWN(/model.24/Constant_1_output_0_13 + (Unnamed Layer* 257) [Shuffle] + /model.24/Mul_10, /model.24/Pow_2)), /model.24/Mul_11)
[09/28/2026-12:32:55] [I] [TRT] [GpuLayer] /model.24/Mul_9_output_0 copy
[09/28/2026-12:32:55] [I] [TRT] [GpuLayer] /model.24/Mul_11_output_0 copy
[09/28/2026-12:32:55] [I] [TRT] [GpuLayer] /model.24/Split_2_output_2 copy
[09/28/2026-12:32:55] [I] [TRT] [GpuLayer] /model.24/Reshape_5
[09/28/2026-12:32:55] [I] [TRT] [GpuLayer] /model.24/Reshape_1_output_0 copy
[09/28/2026-12:32:55] [I] [TRT] [GpuLayer] /model.24/Reshape_3_output_0 copy
[09/28/2026-12:32:55] [I] [TRT] [GpuLayer] /model.24/Reshape_5_output_0 copy
[09/28/2026-12:32:56] [I] [TRT] [MemUsageChange] Init cuBLAS/cuBLASLt: CPU +158, GPU +135, now: CPU 468, GPU 2784 (MiB)
[09/28/2026-12:32:58] [I] [TRT] [MemUsageChange] Init cuDNN: CPU +241, GPU +242, now: CPU 709, GPU 3026 (MiB)
[09/28/2026-12:32:58] [I] [TRT] Global timing cache in use. Profiling results in this builder pass will be stored.
[09/28/2026-12:33:06] [I] [TRT] Detected 1 inputs and 4 output network tensors.
[09/28/2026-12:33:22] [I] [TRT] Total Host Persistent Memory: 150880
[09/28/2026-12:33:22] [I] [TRT] Total Device Persistent Memory: 11052032
[09/28/2026-12:33:22] [I] [TRT] Total Scratch Memory: 0
[09/28/2026-12:33:22] [I] [TRT] [MemUsageStats] Peak memory usage of TRT CPU/GPU memory allocators: CPU 17 MiB, GPU 24 MiB
[09/28/2026-12:33:22] [I] [TRT] [BlockAssignment] Algorithm ShiftNTopDown took 87.6491ms to assign 9 blocks to 140 nodes requiring 4310529 bytes.
[09/28/2026-12:33:22] [I] [TRT] Total Activation Memory: 4310529
[09/28/2026-12:33:22] [I] [TRT] [MemUsageChange] Init cuBLAS/cuBLASLt: CPU +0, GPU +0, now: CPU 736, GPU 3072 (MiB)
[09/28/2026-12:33:22] [I] [TRT] [MemUsageChange] Init cuDNN: CPU +1, GPU +0, now: CPU 737, GPU 3072 (MiB)
[09/28/2026-12:33:22] [I] [TRT] [MemUsageChange] TensorRT-managed allocation in building engine: CPU +13, GPU +16, now: CPU 13, GPU 16 (MiB)
[09/28/2026-12:33:22] [I] [TRT] [MemUsageChange] Init CUDA: CPU +0, GPU +0, now: CPU 725, GPU 3085 (MiB)
[09/28/2026-12:33:22] [I] [TRT] Loaded engine size: 15 MiB
[09/28/2026-12:33:22] [I] [TRT] [MemUsageChange] Init cuBLAS/cuBLASLt: CPU +0, GPU +0, now: CPU 732, GPU 3085 (MiB)
[09/28/2026-12:33:22] [I] [TRT] [MemUsageChange] Init cuDNN: CPU +0, GPU +0, now: CPU 732, GPU 3085 (MiB)
[09/28/2026-12:33:22] [I] [TRT] [MemUsageChange] TensorRT-managed allocation in engine deserialization: CPU +0, GPU +14, now: CPU 0, GPU 14 (MiB)
[09/28/2026-12:33:22] [I] Saved 218728 bytes of timing cache to /home/aviad/jdp/timing.cache
[09/28/2026-12:33:22] [I] Engine built in 29.4804 sec.
[09/28/2026-12:33:22] [I] [TRT] [MemUsageChange] Init cuBLAS/cuBLASLt: CPU +0, GPU +0, now: CPU 674, GPU 3101 (MiB)
[09/28/2026-12:33:22] [I] [TRT] [MemUsageChange] Init cuDNN: CPU +0, GPU +0, now: CPU 674, GPU 3101 (MiB)
[09/28/2026-12:33:22] [I] [TRT] [MemUsageChange] TensorRT-managed allocation in IExecutionContext creation: CPU +0, GPU +14, now: CPU 0, GPU 28 (MiB)
[09/28/2026-12:33:22] [I] Using random values for input images
[09/28/2026-12:33:22] [I] Created input binding for images with dimensions 1x3x320x320
[09/28/2026-12:33:22] [I] Using random values for output output0
[09/28/2026-12:33:22] [I] Created output binding for output0 with dimensions 1x6300x6
[09/28/2026-12:33:22] [I] Starting inference
[09/28/2026-12:33:27] [I] Warmup completed 11 queries over 200 ms
[09/28/2026-12:33:27] [I] Timing trace has 200 queries over 3.91347 s
[09/28/2026-12:33:27] [I] 
[09/28/2026-12:33:27] [I] === Trace details ===
[09/28/2026-12:33:27] [I] Trace averages of 20 runs:
[09/28/2026-12:33:27] [I] Average on 20 runs - GPU latency: 19.4213 ms - Host latency: 19.5558 ms (end to end 19.5662 ms, enqueue 4.94524 ms)
[09/28/2026-12:33:27] [I] Average on 20 runs - GPU latency: 19.4138 ms - Host latency: 19.5486 ms (end to end 19.5588 ms, enqueue 4.95359 ms)
[09/28/2026-12:33:27] [I] Average on 20 runs - GPU latency: 19.4205 ms - Host latency: 19.5552 ms (end to end 19.5653 ms, enqueue 4.94462 ms)
[09/28/2026-12:33:27] [I] Average on 20 runs - GPU latency: 19.4206 ms - Host latency: 19.5553 ms (end to end 19.5657 ms, enqueue 4.93164 ms)
[09/28/2026-12:33:27] [I] Average on 20 runs - GPU latency: 19.4161 ms - Host latency: 19.5505 ms (end to end 19.5609 ms, enqueue 4.98008 ms)
[09/28/2026-12:33:27] [I] Average on 20 runs - GPU latency: 19.4255 ms - Host latency: 19.5601 ms (end to end 19.5703 ms, enqueue 4.93479 ms)
[09/28/2026-12:33:27] [I] Average on 20 runs - GPU latency: 19.4256 ms - Host latency: 19.5604 ms (end to end 19.5707 ms, enqueue 4.96097 ms)
[09/28/2026-12:33:27] [I] Average on 20 runs - GPU latency: 19.4283 ms - Host latency: 19.5626 ms (end to end 19.5728 ms, enqueue 4.94391 ms)
[09/28/2026-12:33:27] [I] Average on 20 runs - GPU latency: 19.4228 ms - Host latency: 19.5573 ms (end to end 19.5675 ms, enqueue 5.00548 ms)
[09/28/2026-12:33:27] [I] Average on 20 runs - GPU latency: 19.4249 ms - Host latency: 19.5595 ms (end to end 19.5697 ms, enqueue 4.94106 ms)
[09/28/2026-12:33:27] [I] 
[09/28/2026-12:33:27] [I] === Performance summary ===
[09/28/2026-12:33:27] [I] Throughput: 51.1055 qps
[09/28/2026-12:33:27] [I] Latency: min = 19.5034 ms, max = 19.6284 ms, mean = 19.5565 ms, median = 19.5552 ms, percentile(99%) = 19.6228 ms
[09/28/2026-12:33:27] [I] End-to-End Host Latency: min = 19.5143 ms, max = 19.6381 ms, mean = 19.5668 ms, median = 19.5654 ms, percentile(99%) = 19.6333 ms
[09/28/2026-12:33:27] [I] Enqueue Time: min = 4.85059 ms, max = 5.61499 ms, mean = 4.95414 ms, median = 4.94235 ms, percentile(99%) = 5.57251 ms
[09/28/2026-12:33:27] [I] H2D Latency: min = 0.116577 ms, max = 0.123047 ms, mean = 0.117962 ms, median = 0.11792 ms, percentile(99%) = 0.120209 ms
[09/28/2026-12:33:27] [I] GPU Compute Time: min = 19.3665 ms, max = 19.4943 ms, mean = 19.4219 ms, median = 19.4203 ms, percentile(99%) = 19.4893 ms
[09/28/2026-12:33:27] [I] D2H Latency: min = 0.0153809 ms, max = 0.0180664 ms, mean = 0.0166379 ms, median = 0.0166016 ms, percentile(99%) = 0.0178223 ms
[09/28/2026-12:33:27] [I] Total Host Walltime: 3.91347 s
[09/28/2026-12:33:27] [I] Total GPU Compute Time: 3.88439 s
[09/28/2026-12:33:27] [I] Explanations of the performance metrics are printed in the verbose logs.
[09/28/2026-12:33:27] [I] 
&&&& PASSED TensorRT.trtexec [TensorRT v8201] # /usr/src/tensorrt/bin/trtexec --onnx=/home/aviad/jdp/yolo2024_320.onnx --workspace=1024 --iterations=200 --avgRuns=20 --percentile=99 --timingCacheFile=/home/aviad/jdp/timing.cache --saveEngine=/home/aviad/jdp/yolo2024_320_fp16.engine --fp16
