&&&& RUNNING TensorRT.trtexec [TensorRT v8201] # /usr/src/tensorrt/bin/trtexec --onnx=/home/aviad/jdp/yolo2024_640.onnx --workspace=1024 --iterations=200 --avgRuns=20 --percentile=99 --timingCacheFile=/home/aviad/jdp/timing.cache --saveEngine=/home/aviad/jdp/yolo2024_640_fp16.engine --fp16
[09/28/2026-12:31:44] [I] === Model Options ===
[09/28/2026-12:31:44] [I] Format: ONNX
[09/28/2026-12:31:44] [I] Model: /home/aviad/jdp/yolo2024_640.onnx
[09/28/2026-12:31:44] [I] Output:
[09/28/2026-12:31:44] [I] === Build Options ===
[09/28/2026-12:31:44] [I] Max batch: explicit batch
[09/28/2026-12:31:44] [I] Workspace: 1024 MiB
[09/28/2026-12:31:44] [I] minTiming: 1
[09/28/2026-12:31:44] [I] avgTiming: 8
[09/28/2026-12:31:44] [I] Precision: FP32+FP16
[09/28/2026-12:31:44] [I] Calibration: 
[09/28/2026-12:31:44] [I] Refit: Disabled
[09/28/2026-12:31:44] [I] Sparsity: Disabled
[09/28/2026-12:31:44] [I] Safe mode: Disabled
[09/28/2026-12:31:44] [I] DirectIO mode: Disabled
[09/28/2026-12:31:44] [I] Restricted mode: Disabled
[09/28/2026-12:31:44] [I] Save engine: /home/aviad/jdp/yolo2024_640_fp16.engine
[09/28/2026-12:31:44] [I] Load engine: 
[09/28/2026-12:31:44] [I] Profiling verbosity: 0
[09/28/2026-12:31:44] [I] Tactic sources: Using default tactic sources
[09/28/2026-12:31:44] [I] timingCacheMode: global
[09/28/2026-12:31:44] [I] timingCacheFile: /home/aviad/jdp/timing.cache
[09/28/2026-12:31:44] [I] Input(s)s format: fp32:CHW
[09/28/2026-12:31:44] [I] Output(s)s format: fp32:CHW
[09/28/2026-12:31:44] [I] Input build shapes: model
[09/28/2026-12:31:44] [I] Input calibration shapes: model
[09/28/2026-12:31:44] [I] === System Options ===
[09/28/2026-12:31:44] [I] Device: 0
[09/28/2026-12:31:44] [I] DLACore: 
[09/28/2026-12:31:44] [I] Plugins:
[09/28/2026-12:31:44] [I] === Inference Options ===
[09/28/2026-12:31:44] [I] Batch: Explicit
[09/28/2026-12:31:44] [I] Input inference shapes: model
[09/28/2026-12:31:44] [I] Iterations: 200
[09/28/2026-12:31:44] [I] Duration: 3s (+ 200ms warm up)
[09/28/2026-12:31:44] [I] Sleep time: 0ms
[09/28/2026-12:31:44] [I] Idle time: 0ms
[09/28/2026-12:31:44] [I] Streams: 1
[09/28/2026-12:31:44] [I] ExposeDMA: Disabled
[09/28/2026-12:31:44] [I] Data transfers: Enabled
[09/28/2026-12:31:44] [I] Spin-wait: Disabled
[09/28/2026-12:31:44] [I] Multithreading: Disabled
[09/28/2026-12:31:44] [I] CUDA Graph: Disabled
[09/28/2026-12:31:44] [I] Separate profiling: Disabled
[09/28/2026-12:31:44] [I] Time Deserialize: Disabled
[09/28/2026-12:31:44] [I] Time Refit: Disabled
[09/28/2026-12:31:44] [I] Skip inference: Disabled
[09/28/2026-12:31:44] [I] Inputs:
[09/28/2026-12:31:44] [I] === Reporting Options ===
[09/28/2026-12:31:44] [I] Verbose: Disabled
[09/28/2026-12:31:44] [I] Averages: 20 inferences
[09/28/2026-12:31:44] [I] Percentile: 99
[09/28/2026-12:31:44] [I] Dump refittable layers:Disabled
[09/28/2026-12:31:44] [I] Dump output: Disabled
[09/28/2026-12:31:44] [I] Profile: Disabled
[09/28/2026-12:31:44] [I] Export timing to JSON file: 
[09/28/2026-12:31:44] [I] Export output to JSON file: 
[09/28/2026-12:31:44] [I] Export profile to JSON file: 
[09/28/2026-12:31:44] [I] 
[09/28/2026-12:31:44] [I] === Device Information ===
[09/28/2026-12:31:44] [I] Selected Device: NVIDIA Tegra X1
[09/28/2026-12:31:44] [I] Compute Capability: 5.3
[09/28/2026-12:31:44] [I] SMs: 1
[09/28/2026-12:31:44] [I] Compute Clock Rate: 0.9216 GHz
[09/28/2026-12:31:44] [I] Device Global Memory: 3964 MiB
[09/28/2026-12:31:44] [I] Shared Memory per SM: 64 KiB
[09/28/2026-12:31:44] [I] Memory Bus Width: 64 bits (ECC disabled)
[09/28/2026-12:31:44] [I] Memory Clock Rate: 0.01275 GHz
[09/28/2026-12:31:44] [I] 
[09/28/2026-12:31:44] [I] TensorRT version: 8.2.1
[09/28/2026-12:31:45] [I] [TRT] [MemUsageChange] Init CUDA: CPU +229, GPU +0, now: CPU 248, GPU 2499 (MiB)
[09/28/2026-12:31:46] [I] [TRT] [MemUsageSnapshot] Begin constructing builder kernel library: CPU 248 MiB, GPU 2499 MiB
[09/28/2026-12:31:46] [I] [TRT] [MemUsageSnapshot] End constructing builder kernel library: CPU 277 MiB, GPU 2529 MiB
[09/28/2026-12:31:46] [I] Start parsing network model
[09/28/2026-12:31:46] [I] [TRT] ----------------------------------------------------------------
[09/28/2026-12:31:46] [I] [TRT] Input filename:   /home/aviad/jdp/yolo2024_640.onnx
[09/28/2026-12:31:46] [I] [TRT] ONNX IR version:  0.0.6
[09/28/2026-12:31:46] [I] [TRT] Opset version:    11
[09/28/2026-12:31:46] [I] [TRT] Producer name:    pytorch
[09/28/2026-12:31:46] [I] [TRT] Producer version: 2.14.0
[09/28/2026-12:31:46] [I] [TRT] Domain:           
[09/28/2026-12:31:46] [I] [TRT] Model version:    0
[09/28/2026-12:31:46] [I] [TRT] Doc string:       
[09/28/2026-12:31:46] [I] [TRT] ----------------------------------------------------------------
[09/28/2026-12:31:46] [W] [TRT] onnx2trt_utils.cpp:366: Your ONNX model has been generated with INT64 weights, while TensorRT does not natively support INT64. Attempting to cast down to INT32.
[09/28/2026-12:31:46] [I] Finish parsing network model
[09/28/2026-12:31:46] [I] Loaded 218728 bytes of timing cache from /home/aviad/jdp/timing.cache
[09/28/2026-12:31:46] [I] [TRT] ---------- Layers Running on DLA ----------
[09/28/2026-12:31:46] [I] [TRT] ---------- Layers Running on GPU ----------
[09/28/2026-12:31:46] [I] [TRT] [GpuLayer] /model.0/conv/Conv
[09/28/2026-12:31:46] [I] [TRT] [GpuLayer] PWN(PWN(/model.0/act/Sigmoid), /model.0/act/Mul)
[09/28/2026-12:31:46] [I] [TRT] [GpuLayer] /model.1/conv/Conv
[09/28/2026-12:31:46] [I] [TRT] [GpuLayer] PWN(PWN(/model.1/act/Sigmoid), /model.1/act/Mul)
[09/28/2026-12:31:46] [I] [TRT] [GpuLayer] /model.2/cv1/conv/Conv || /model.2/cv2/conv/Conv
[09/28/2026-12:31:46] [I] [TRT] [GpuLayer] PWN(PWN(/model.2/cv1/act/Sigmoid), /model.2/cv1/act/Mul)
[09/28/2026-12:31:46] [I] [TRT] [GpuLayer] PWN(PWN(/model.2/cv2/act/Sigmoid), /model.2/cv2/act/Mul)
[09/28/2026-12:31:46] [I] [TRT] [GpuLayer] /model.2/m/m.0/cv1/conv/Conv
[09/28/2026-12:31:46] [I] [TRT] [GpuLayer] PWN(PWN(/model.2/m/m.0/cv1/act/Sigmoid), /model.2/m/m.0/cv1/act/Mul)
[09/28/2026-12:31:46] [I] [TRT] [GpuLayer] /model.2/m/m.0/cv2/conv/Conv
[09/28/2026-12:31:46] [I] [TRT] [GpuLayer] PWN(PWN(PWN(/model.2/m/m.0/cv2/act/Sigmoid), /model.2/m/m.0/cv2/act/Mul), /model.2/m/m.0/Add)
[09/28/2026-12:31:46] [I] [TRT] [GpuLayer] /model.2/cv3/conv/Conv
[09/28/2026-12:31:46] [I] [TRT] [GpuLayer] PWN(PWN(/model.2/cv3/act/Sigmoid), /model.2/cv3/act/Mul)
[09/28/2026-12:31:46] [I] [TRT] [GpuLayer] /model.3/conv/Conv
[09/28/2026-12:31:46] [I] [TRT] [GpuLayer] PWN(PWN(/model.3/act/Sigmoid), /model.3/act/Mul)
[09/28/2026-12:31:46] [I] [TRT] [GpuLayer] /model.4/cv1/conv/Conv || /model.4/cv2/conv/Conv
[09/28/2026-12:31:46] [I] [TRT] [GpuLayer] PWN(PWN(/model.4/cv1/act/Sigmoid), /model.4/cv1/act/Mul)
[09/28/2026-12:31:46] [I] [TRT] [GpuLayer] PWN(PWN(/model.4/cv2/act/Sigmoid), /model.4/cv2/act/Mul)
[09/28/2026-12:31:46] [I] [TRT] [GpuLayer] /model.4/m/m.0/cv1/conv/Conv
[09/28/2026-12:31:46] [I] [TRT] [GpuLayer] PWN(PWN(/model.4/m/m.0/cv1/act/Sigmoid), /model.4/m/m.0/cv1/act/Mul)
[09/28/2026-12:31:46] [I] [TRT] [GpuLayer] /model.4/m/m.0/cv2/conv/Conv
[09/28/2026-12:31:46] [I] [TRT] [GpuLayer] PWN(PWN(PWN(/model.4/m/m.0/cv2/act/Sigmoid), /model.4/m/m.0/cv2/act/Mul), /model.4/m/m.0/Add)
[09/28/2026-12:31:46] [I] [TRT] [GpuLayer] /model.4/m/m.1/cv1/conv/Conv
[09/28/2026-12:31:46] [I] [TRT] [GpuLayer] PWN(PWN(/model.4/m/m.1/cv1/act/Sigmoid), /model.4/m/m.1/cv1/act/Mul)
[09/28/2026-12:31:46] [I] [TRT] [GpuLayer] /model.4/m/m.1/cv2/conv/Conv
[09/28/2026-12:31:46] [I] [TRT] [GpuLayer] PWN(PWN(PWN(/model.4/m/m.1/cv2/act/Sigmoid), /model.4/m/m.1/cv2/act/Mul), /model.4/m/m.1/Add)
[09/28/2026-12:31:46] [I] [TRT] [GpuLayer] /model.4/cv3/conv/Conv
[09/28/2026-12:31:46] [I] [TRT] [GpuLayer] PWN(PWN(/model.4/cv3/act/Sigmoid), /model.4/cv3/act/Mul)
[09/28/2026-12:31:46] [I] [TRT] [GpuLayer] /model.5/conv/Conv
[09/28/2026-12:31:46] [I] [TRT] [GpuLayer] PWN(PWN(/model.5/act/Sigmoid), /model.5/act/Mul)
[09/28/2026-12:31:46] [I] [TRT] [GpuLayer] /model.6/cv1/conv/Conv || /model.6/cv2/conv/Conv
[09/28/2026-12:31:46] [I] [TRT] [GpuLayer] PWN(PWN(/model.6/cv1/act/Sigmoid), /model.6/cv1/act/Mul)
[09/28/2026-12:31:46] [I] [TRT] [GpuLayer] PWN(PWN(/model.6/cv2/act/Sigmoid), /model.6/cv2/act/Mul)
[09/28/2026-12:31:46] [I] [TRT] [GpuLayer] /model.6/m/m.0/cv1/conv/Conv
[09/28/2026-12:31:46] [I] [TRT] [GpuLayer] PWN(PWN(/model.6/m/m.0/cv1/act/Sigmoid), /model.6/m/m.0/cv1/act/Mul)
[09/28/2026-12:31:46] [I] [TRT] [GpuLayer] /model.6/m/m.0/cv2/conv/Conv
[09/28/2026-12:31:46] [I] [TRT] [GpuLayer] PWN(PWN(PWN(/model.6/m/m.0/cv2/act/Sigmoid), /model.6/m/m.0/cv2/act/Mul), /model.6/m/m.0/Add)
[09/28/2026-12:31:46] [I] [TRT] [GpuLayer] /model.6/m/m.1/cv1/conv/Conv
[09/28/2026-12:31:46] [I] [TRT] [GpuLayer] PWN(PWN(/model.6/m/m.1/cv1/act/Sigmoid), /model.6/m/m.1/cv1/act/Mul)
[09/28/2026-12:31:46] [I] [TRT] [GpuLayer] /model.6/m/m.1/cv2/conv/Conv
[09/28/2026-12:31:46] [I] [TRT] [GpuLayer] PWN(PWN(PWN(/model.6/m/m.1/cv2/act/Sigmoid), /model.6/m/m.1/cv2/act/Mul), /model.6/m/m.1/Add)
[09/28/2026-12:31:46] [I] [TRT] [GpuLayer] /model.6/m/m.2/cv1/conv/Conv
[09/28/2026-12:31:46] [I] [TRT] [GpuLayer] PWN(PWN(/model.6/m/m.2/cv1/act/Sigmoid), /model.6/m/m.2/cv1/act/Mul)
[09/28/2026-12:31:46] [I] [TRT] [GpuLayer] /model.6/m/m.2/cv2/conv/Conv
[09/28/2026-12:31:46] [I] [TRT] [GpuLayer] PWN(PWN(PWN(/model.6/m/m.2/cv2/act/Sigmoid), /model.6/m/m.2/cv2/act/Mul), /model.6/m/m.2/Add)
[09/28/2026-12:31:46] [I] [TRT] [GpuLayer] /model.6/cv3/conv/Conv
[09/28/2026-12:31:46] [I] [TRT] [GpuLayer] PWN(PWN(/model.6/cv3/act/Sigmoid), /model.6/cv3/act/Mul)
[09/28/2026-12:31:46] [I] [TRT] [GpuLayer] /model.7/conv/Conv
[09/28/2026-12:31:46] [I] [TRT] [GpuLayer] PWN(PWN(/model.7/act/Sigmoid), /model.7/act/Mul)
[09/28/2026-12:31:46] [I] [TRT] [GpuLayer] /model.8/cv1/conv/Conv || /model.8/cv2/conv/Conv
[09/28/2026-12:31:46] [I] [TRT] [GpuLayer] PWN(PWN(/model.8/cv1/act/Sigmoid), /model.8/cv1/act/Mul)
[09/28/2026-12:31:46] [I] [TRT] [GpuLayer] PWN(PWN(/model.8/cv2/act/Sigmoid), /model.8/cv2/act/Mul)
[09/28/2026-12:31:46] [I] [TRT] [GpuLayer] /model.8/m/m.0/cv1/conv/Conv
[09/28/2026-12:31:46] [I] [TRT] [GpuLayer] PWN(PWN(/model.8/m/m.0/cv1/act/Sigmoid), /model.8/m/m.0/cv1/act/Mul)
[09/28/2026-12:31:46] [I] [TRT] [GpuLayer] /model.8/m/m.0/cv2/conv/Conv
[09/28/2026-12:31:46] [I] [TRT] [GpuLayer] PWN(PWN(PWN(/model.8/m/m.0/cv2/act/Sigmoid), /model.8/m/m.0/cv2/act/Mul), /model.8/m/m.0/Add)
[09/28/2026-12:31:46] [I] [TRT] [GpuLayer] /model.8/cv3/conv/Conv
[09/28/2026-12:31:46] [I] [TRT] [GpuLayer] PWN(PWN(/model.8/cv3/act/Sigmoid), /model.8/cv3/act/Mul)
[09/28/2026-12:31:46] [I] [TRT] [GpuLayer] /model.9/cv1/conv/Conv
[09/28/2026-12:31:46] [I] [TRT] [GpuLayer] PWN(PWN(/model.9/cv1/act/Sigmoid), /model.9/cv1/act/Mul)
[09/28/2026-12:31:46] [I] [TRT] [GpuLayer] /model.9/m/MaxPool
[09/28/2026-12:31:46] [I] [TRT] [GpuLayer] /model.9/m_1/MaxPool
[09/28/2026-12:31:46] [I] [TRT] [GpuLayer] /model.9/m_2/MaxPool
[09/28/2026-12:31:46] [I] [TRT] [GpuLayer] /model.9/cv1/act/Mul_output_0 copy
[09/28/2026-12:31:46] [I] [TRT] [GpuLayer] /model.9/m/MaxPool_output_0 copy
[09/28/2026-12:31:46] [I] [TRT] [GpuLayer] /model.9/m_1/MaxPool_output_0 copy
[09/28/2026-12:31:46] [I] [TRT] [GpuLayer] /model.9/m_2/MaxPool_output_0 copy
[09/28/2026-12:31:46] [I] [TRT] [GpuLayer] /model.9/cv2/conv/Conv
[09/28/2026-12:31:46] [I] [TRT] [GpuLayer] PWN(PWN(/model.9/cv2/act/Sigmoid), /model.9/cv2/act/Mul)
[09/28/2026-12:31:46] [I] [TRT] [GpuLayer] /model.10/conv/Conv
[09/28/2026-12:31:46] [I] [TRT] [GpuLayer] PWN(PWN(/model.10/act/Sigmoid), /model.10/act/Mul)
[09/28/2026-12:31:46] [I] [TRT] [GpuLayer] /model.11/Resize
[09/28/2026-12:31:46] [I] [TRT] [GpuLayer] /model.11/Resize_output_0 copy
[09/28/2026-12:31:46] [I] [TRT] [GpuLayer] /model.13/cv1/conv/Conv || /model.13/cv2/conv/Conv
[09/28/2026-12:31:46] [I] [TRT] [GpuLayer] PWN(PWN(/model.13/cv1/act/Sigmoid), /model.13/cv1/act/Mul)
[09/28/2026-12:31:46] [I] [TRT] [GpuLayer] PWN(PWN(/model.13/cv2/act/Sigmoid), /model.13/cv2/act/Mul)
[09/28/2026-12:31:46] [I] [TRT] [GpuLayer] /model.13/m/m.0/cv1/conv/Conv
[09/28/2026-12:31:46] [I] [TRT] [GpuLayer] PWN(PWN(/model.13/m/m.0/cv1/act/Sigmoid), /model.13/m/m.0/cv1/act/Mul)
[09/28/2026-12:31:46] [I] [TRT] [GpuLayer] /model.13/m/m.0/cv2/conv/Conv
[09/28/2026-12:31:46] [I] [TRT] [GpuLayer] PWN(PWN(/model.13/m/m.0/cv2/act/Sigmoid), /model.13/m/m.0/cv2/act/Mul)
[09/28/2026-12:31:46] [I] [TRT] [GpuLayer] /model.13/cv3/conv/Conv
[09/28/2026-12:31:46] [I] [TRT] [GpuLayer] PWN(PWN(/model.13/cv3/act/Sigmoid), /model.13/cv3/act/Mul)
[09/28/2026-12:31:46] [I] [TRT] [GpuLayer] /model.14/conv/Conv
[09/28/2026-12:31:46] [I] [TRT] [GpuLayer] PWN(PWN(/model.14/act/Sigmoid), /model.14/act/Mul)
[09/28/2026-12:31:46] [I] [TRT] [GpuLayer] /model.15/Resize
[09/28/2026-12:31:46] [I] [TRT] [GpuLayer] /model.15/Resize_output_0 copy
[09/28/2026-12:31:46] [I] [TRT] [GpuLayer] /model.17/cv1/conv/Conv || /model.17/cv2/conv/Conv
[09/28/2026-12:31:46] [I] [TRT] [GpuLayer] PWN(PWN(/model.17/cv1/act/Sigmoid), /model.17/cv1/act/Mul)
[09/28/2026-12:31:46] [I] [TRT] [GpuLayer] PWN(PWN(/model.17/cv2/act/Sigmoid), /model.17/cv2/act/Mul)
[09/28/2026-12:31:46] [I] [TRT] [GpuLayer] /model.17/m/m.0/cv1/conv/Conv
[09/28/2026-12:31:46] [I] [TRT] [GpuLayer] PWN(PWN(/model.17/m/m.0/cv1/act/Sigmoid), /model.17/m/m.0/cv1/act/Mul)
[09/28/2026-12:31:46] [I] [TRT] [GpuLayer] /model.17/m/m.0/cv2/conv/Conv
[09/28/2026-12:31:46] [I] [TRT] [GpuLayer] PWN(PWN(/model.17/m/m.0/cv2/act/Sigmoid), /model.17/m/m.0/cv2/act/Mul)
[09/28/2026-12:31:46] [I] [TRT] [GpuLayer] /model.17/cv3/conv/Conv
[09/28/2026-12:31:46] [I] [TRT] [GpuLayer] PWN(PWN(/model.17/cv3/act/Sigmoid), /model.17/cv3/act/Mul)
[09/28/2026-12:31:46] [I] [TRT] [GpuLayer] /model.18/conv/Conv
[09/28/2026-12:31:46] [I] [TRT] [GpuLayer] /model.24/m.0/Conv
[09/28/2026-12:31:46] [I] [TRT] [GpuLayer] /model.24/Reshape + /model.24/Transpose
[09/28/2026-12:31:46] [I] [TRT] [GpuLayer] PWN(PWN(/model.18/act/Sigmoid), /model.18/act/Mul)
[09/28/2026-12:31:46] [I] [TRT] [GpuLayer] /model.14/act/Mul_output_0 copy
[09/28/2026-12:31:46] [I] [TRT] [GpuLayer] PWN(/model.24/Sigmoid)
[09/28/2026-12:31:46] [I] [TRT] [GpuLayer] /model.20/cv1/conv/Conv || /model.20/cv2/conv/Conv
[09/28/2026-12:31:46] [I] [TRT] [GpuLayer] /model.24/Split
[09/28/2026-12:31:46] [I] [TRT] [GpuLayer] /model.24/Split_0
[09/28/2026-12:31:46] [I] [TRT] [GpuLayer] /model.24/Split_1
[09/28/2026-12:31:46] [I] [TRT] [GpuLayer] PWN(PWN(/model.20/cv1/act/Sigmoid), /model.20/cv1/act/Mul)
[09/28/2026-12:31:46] [I] [TRT] [GpuLayer] PWN(PWN(/model.20/cv2/act/Sigmoid), /model.20/cv2/act/Mul)
[09/28/2026-12:31:46] [I] [TRT] [GpuLayer] /model.24/Constant_2_output_0
[09/28/2026-12:31:46] [I] [TRT] [GpuLayer] /model.20/m/m.0/cv1/conv/Conv
[09/28/2026-12:31:46] [I] [TRT] [GpuLayer] PWN(PWN(/model.24/Constant_1_output_0 + (Unnamed Layer* 172) [Shuffle] + /model.24/Mul, /model.24/Add), /model.24/Constant_3_output_0 + (Unnamed Layer* 186) [Shuffle] + /model.24/Mul_1)
[09/28/2026-12:31:46] [I] [TRT] [GpuLayer] /model.24/Constant_6_output_0
[09/28/2026-12:31:46] [I] [TRT] [GpuLayer] PWN(PWN(/model.24/Constant_1_output_0_3 + (Unnamed Layer* 182) [Shuffle], PWN(/model.24/Constant_1_output_0_2 + (Unnamed Layer* 175) [Shuffle] + /model.24/Mul_2, /model.24/Pow)), /model.24/Mul_3)
[09/28/2026-12:31:46] [I] [TRT] [GpuLayer] /model.24/Mul_1_output_0 copy
[09/28/2026-12:31:46] [I] [TRT] [GpuLayer] /model.24/Mul_3_output_0 copy
[09/28/2026-12:31:46] [I] [TRT] [GpuLayer] /model.24/Split_output_2 copy
[09/28/2026-12:31:46] [I] [TRT] [GpuLayer] PWN(PWN(/model.20/m/m.0/cv1/act/Sigmoid), /model.20/m/m.0/cv1/act/Mul)
[09/28/2026-12:31:46] [I] [TRT] [GpuLayer] /model.24/Reshape_1
[09/28/2026-12:31:46] [I] [TRT] [GpuLayer] /model.20/m/m.0/cv2/conv/Conv
[09/28/2026-12:31:46] [I] [TRT] [GpuLayer] PWN(PWN(/model.20/m/m.0/cv2/act/Sigmoid), /model.20/m/m.0/cv2/act/Mul)
[09/28/2026-12:31:46] [I] [TRT] [GpuLayer] /model.20/cv3/conv/Conv
[09/28/2026-12:31:46] [I] [TRT] [GpuLayer] PWN(PWN(/model.20/cv3/act/Sigmoid), /model.20/cv3/act/Mul)
[09/28/2026-12:31:46] [I] [TRT] [GpuLayer] /model.21/conv/Conv
[09/28/2026-12:31:46] [I] [TRT] [GpuLayer] /model.24/m.1/Conv
[09/28/2026-12:31:46] [I] [TRT] [GpuLayer] /model.24/Reshape_2 + /model.24/Transpose_1
[09/28/2026-12:31:46] [I] [TRT] [GpuLayer] PWN(PWN(/model.21/act/Sigmoid), /model.21/act/Mul)
[09/28/2026-12:31:46] [I] [TRT] [GpuLayer] /model.10/act/Mul_output_0 copy
[09/28/2026-12:31:46] [I] [TRT] [GpuLayer] PWN(/model.24/Sigmoid_1)
[09/28/2026-12:31:46] [I] [TRT] [GpuLayer] /model.23/cv1/conv/Conv || /model.23/cv2/conv/Conv
[09/28/2026-12:31:46] [I] [TRT] [GpuLayer] /model.24/Split_1_4
[09/28/2026-12:31:46] [I] [TRT] [GpuLayer] /model.24/Split_1_5
[09/28/2026-12:31:46] [I] [TRT] [GpuLayer] /model.24/Split_1_6
[09/28/2026-12:31:46] [I] [TRT] [GpuLayer] PWN(PWN(/model.23/cv1/act/Sigmoid), /model.23/cv1/act/Mul)
[09/28/2026-12:31:46] [I] [TRT] [GpuLayer] PWN(PWN(/model.23/cv2/act/Sigmoid), /model.23/cv2/act/Mul)
[09/28/2026-12:31:46] [I] [TRT] [GpuLayer] /model.24/Constant_10_output_0
[09/28/2026-12:31:46] [I] [TRT] [GpuLayer] /model.23/m/m.0/cv1/conv/Conv
[09/28/2026-12:31:46] [I] [TRT] [GpuLayer] PWN(PWN(/model.24/Constant_1_output_0_7 + (Unnamed Layer* 217) [Shuffle] + /model.24/Mul_4, /model.24/Add_1), /model.24/Constant_11_output_0 + (Unnamed Layer* 231) [Shuffle] + /model.24/Mul_5)
[09/28/2026-12:31:46] [I] [TRT] [GpuLayer] /model.24/Constant_14_output_0
[09/28/2026-12:31:46] [I] [TRT] [GpuLayer] PWN(PWN(/model.24/Constant_1_output_0_9 + (Unnamed Layer* 227) [Shuffle], PWN(/model.24/Constant_1_output_0_8 + (Unnamed Layer* 220) [Shuffle] + /model.24/Mul_6, /model.24/Pow_1)), /model.24/Mul_7)
[09/28/2026-12:31:46] [I] [TRT] [GpuLayer] /model.24/Mul_5_output_0 copy
[09/28/2026-12:31:46] [I] [TRT] [GpuLayer] /model.24/Mul_7_output_0 copy
[09/28/2026-12:31:46] [I] [TRT] [GpuLayer] /model.24/Split_1_output_2 copy
[09/28/2026-12:31:46] [I] [TRT] [GpuLayer] PWN(PWN(/model.23/m/m.0/cv1/act/Sigmoid), /model.23/m/m.0/cv1/act/Mul)
[09/28/2026-12:31:46] [I] [TRT] [GpuLayer] /model.24/Reshape_3
[09/28/2026-12:31:46] [I] [TRT] [GpuLayer] /model.23/m/m.0/cv2/conv/Conv
[09/28/2026-12:31:46] [I] [TRT] [GpuLayer] PWN(PWN(/model.23/m/m.0/cv2/act/Sigmoid), /model.23/m/m.0/cv2/act/Mul)
[09/28/2026-12:31:46] [I] [TRT] [GpuLayer] /model.23/cv3/conv/Conv
[09/28/2026-12:31:46] [I] [TRT] [GpuLayer] PWN(PWN(/model.23/cv3/act/Sigmoid), /model.23/cv3/act/Mul)
[09/28/2026-12:31:46] [I] [TRT] [GpuLayer] /model.24/m.2/Conv
[09/28/2026-12:31:46] [I] [TRT] [GpuLayer] /model.24/Reshape_4 + /model.24/Transpose_2
[09/28/2026-12:31:46] [I] [TRT] [GpuLayer] PWN(/model.24/Sigmoid_2)
[09/28/2026-12:31:46] [I] [TRT] [GpuLayer] /model.24/Split_2
[09/28/2026-12:31:46] [I] [TRT] [GpuLayer] /model.24/Split_2_10
[09/28/2026-12:31:46] [I] [TRT] [GpuLayer] /model.24/Split_2_11
[09/28/2026-12:31:46] [I] [TRT] [GpuLayer] /model.24/Constant_18_output_0
[09/28/2026-12:31:46] [I] [TRT] [GpuLayer] PWN(PWN(/model.24/Constant_1_output_0_12 + (Unnamed Layer* 254) [Shuffle] + /model.24/Mul_8, /model.24/Add_2), /model.24/Constant_19_output_0 + (Unnamed Layer* 265) [Shuffle] + /model.24/Mul_9)
[09/28/2026-12:31:46] [I] [TRT] [GpuLayer] /model.24/Constant_22_output_0
[09/28/2026-12:31:46] [I] [TRT] [GpuLayer] PWN(PWN(/model.24/Constant_1_output_0_14 + (Unnamed Layer* 262) [Shuffle], PWN(/model.24/Constant_1_output_0_13 + (Unnamed Layer* 257) [Shuffle] + /model.24/Mul_10, /model.24/Pow_2)), /model.24/Mul_11)
[09/28/2026-12:31:46] [I] [TRT] [GpuLayer] /model.24/Mul_9_output_0 copy
[09/28/2026-12:31:46] [I] [TRT] [GpuLayer] /model.24/Mul_11_output_0 copy
[09/28/2026-12:31:46] [I] [TRT] [GpuLayer] /model.24/Split_2_output_2 copy
[09/28/2026-12:31:46] [I] [TRT] [GpuLayer] /model.24/Reshape_5
[09/28/2026-12:31:46] [I] [TRT] [GpuLayer] /model.24/Reshape_1_output_0 copy
[09/28/2026-12:31:46] [I] [TRT] [GpuLayer] /model.24/Reshape_3_output_0 copy
[09/28/2026-12:31:46] [I] [TRT] [GpuLayer] /model.24/Reshape_5_output_0 copy
[09/28/2026-12:31:47] [I] [TRT] [MemUsageChange] Init cuBLAS/cuBLASLt: CPU +158, GPU +139, now: CPU 468, GPU 2725 (MiB)
[09/28/2026-12:31:49] [I] [TRT] [MemUsageChange] Init cuDNN: CPU +241, GPU +238, now: CPU 709, GPU 2963 (MiB)
[09/28/2026-12:31:49] [I] [TRT] Global timing cache in use. Profiling results in this builder pass will be stored.
[09/28/2026-12:31:58] [I] [TRT] Detected 1 inputs and 4 output network tensors.
[09/28/2026-12:32:11] [I] [TRT] Total Host Persistent Memory: 137056
[09/28/2026-12:32:11] [I] [TRT] Total Device Persistent Memory: 23030784
[09/28/2026-12:32:11] [I] [TRT] Total Scratch Memory: 0
[09/28/2026-12:32:11] [I] [TRT] [MemUsageStats] Peak memory usage of TRT CPU/GPU memory allocators: CPU 17 MiB, GPU 48 MiB
[09/28/2026-12:32:11] [I] [TRT] [BlockAssignment] Algorithm ShiftNTopDown took 87.5295ms to assign 9 blocks to 140 nodes requiring 17222657 bytes.
[09/28/2026-12:32:11] [I] [TRT] Total Activation Memory: 17222657
[09/28/2026-12:32:11] [I] [TRT] [MemUsageChange] Init cuBLAS/cuBLASLt: CPU +1, GPU +0, now: CPU 736, GPU 3012 (MiB)
[09/28/2026-12:32:11] [I] [TRT] [MemUsageChange] Init cuDNN: CPU +0, GPU +0, now: CPU 736, GPU 3012 (MiB)
[09/28/2026-12:32:11] [I] [TRT] [MemUsageChange] TensorRT-managed allocation in building engine: CPU +13, GPU +32, now: CPU 13, GPU 32 (MiB)
[09/28/2026-12:32:11] [I] [TRT] [MemUsageChange] Init CUDA: CPU +0, GPU +0, now: CPU 733, GPU 3034 (MiB)
[09/28/2026-12:32:11] [I] [TRT] Loaded engine size: 23 MiB
[09/28/2026-12:32:11] [I] [TRT] [MemUsageChange] Init cuBLAS/cuBLASLt: CPU +0, GPU +0, now: CPU 740, GPU 3034 (MiB)
[09/28/2026-12:32:11] [I] [TRT] [MemUsageChange] Init cuDNN: CPU +0, GPU +0, now: CPU 740, GPU 3034 (MiB)
[09/28/2026-12:32:11] [I] [TRT] [MemUsageChange] TensorRT-managed allocation in engine deserialization: CPU +0, GPU +22, now: CPU 0, GPU 22 (MiB)
[09/28/2026-12:32:11] [I] Saved 218728 bytes of timing cache to /home/aviad/jdp/timing.cache
[09/28/2026-12:32:11] [I] Engine built in 27.1546 sec.
[09/28/2026-12:32:11] [I] [TRT] [MemUsageChange] Init cuBLAS/cuBLASLt: CPU +0, GPU +0, now: CPU 682, GPU 3057 (MiB)
[09/28/2026-12:32:11] [I] [TRT] [MemUsageChange] Init cuDNN: CPU +0, GPU +0, now: CPU 682, GPU 3057 (MiB)
[09/28/2026-12:32:11] [I] [TRT] [MemUsageChange] TensorRT-managed allocation in IExecutionContext creation: CPU +0, GPU +38, now: CPU 0, GPU 60 (MiB)
[09/28/2026-12:32:11] [I] Using random values for input images
[09/28/2026-12:32:11] [I] Created input binding for images with dimensions 1x3x640x640
[09/28/2026-12:32:11] [I] Using random values for output output0
[09/28/2026-12:32:11] [I] Created output binding for output0 with dimensions 1x25200x6
[09/28/2026-12:32:11] [I] Starting inference
[09/28/2026-12:32:25] [I] Warmup completed 3 queries over 200 ms
[09/28/2026-12:32:25] [I] Timing trace has 200 queries over 13.6496 s
[09/28/2026-12:32:25] [I] 
[09/28/2026-12:32:25] [I] === Trace details ===
[09/28/2026-12:32:25] [I] Trace averages of 20 runs:
[09/28/2026-12:32:25] [I] Average on 20 runs - GPU latency: 67.6665 ms - Host latency: 68.209 ms (end to end 68.2217 ms, enqueue 4.90456 ms)
[09/28/2026-12:32:25] [I] Average on 20 runs - GPU latency: 67.6779 ms - Host latency: 68.2206 ms (end to end 68.2331 ms, enqueue 4.86461 ms)
[09/28/2026-12:32:25] [I] Average on 20 runs - GPU latency: 67.6842 ms - Host latency: 68.2268 ms (end to end 68.2394 ms, enqueue 4.88337 ms)
[09/28/2026-12:32:25] [I] Average on 20 runs - GPU latency: 67.6981 ms - Host latency: 68.2408 ms (end to end 68.2534 ms, enqueue 4.89663 ms)
[09/28/2026-12:32:25] [I] Average on 20 runs - GPU latency: 67.6791 ms - Host latency: 68.2218 ms (end to end 68.2346 ms, enqueue 4.8585 ms)
[09/28/2026-12:32:25] [I] Average on 20 runs - GPU latency: 67.7115 ms - Host latency: 68.2537 ms (end to end 68.2663 ms, enqueue 4.78264 ms)
[09/28/2026-12:32:25] [I] Average on 20 runs - GPU latency: 67.6684 ms - Host latency: 68.2112 ms (end to end 68.2238 ms, enqueue 4.8062 ms)
[09/28/2026-12:32:25] [I] Average on 20 runs - GPU latency: 67.7089 ms - Host latency: 68.2513 ms (end to end 68.2641 ms, enqueue 4.80996 ms)
[09/28/2026-12:32:25] [I] Average on 20 runs - GPU latency: 67.7126 ms - Host latency: 68.2549 ms (end to end 68.2677 ms, enqueue 4.86074 ms)
[09/28/2026-12:32:25] [I] Average on 20 runs - GPU latency: 67.7135 ms - Host latency: 68.2566 ms (end to end 68.2689 ms, enqueue 4.79609 ms)
[09/28/2026-12:32:25] [I] 
[09/28/2026-12:32:25] [I] === Performance summary ===
[09/28/2026-12:32:25] [I] Throughput: 14.6525 qps
[09/28/2026-12:32:25] [I] Latency: min = 68.0801 ms, max = 68.4985 ms, mean = 68.2347 ms, median = 68.2297 ms, percentile(99%) = 68.4126 ms
[09/28/2026-12:32:25] [I] End-to-End Host Latency: min = 68.0928 ms, max = 68.5107 ms, mean = 68.2473 ms, median = 68.2426 ms, percentile(99%) = 68.4253 ms
[09/28/2026-12:32:25] [I] Enqueue Time: min = 4.70166 ms, max = 5.29883 ms, mean = 4.84633 ms, median = 4.84241 ms, percentile(99%) = 5.21387 ms
[09/28/2026-12:32:25] [I] H2D Latency: min = 0.470703 ms, max = 0.478027 ms, mean = 0.474451 ms, median = 0.474609 ms, percentile(99%) = 0.477356 ms
[09/28/2026-12:32:25] [I] GPU Compute Time: min = 67.5381 ms, max = 67.9551 ms, mean = 67.6921 ms, median = 67.6875 ms, percentile(99%) = 67.8691 ms
[09/28/2026-12:32:25] [I] D2H Latency: min = 0.0668945 ms, max = 0.0693359 ms, mean = 0.0681659 ms, median = 0.0683594 ms, percentile(99%) = 0.0693359 ms
[09/28/2026-12:32:25] [I] Total Host Walltime: 13.6496 s
[09/28/2026-12:32:25] [I] Total GPU Compute Time: 13.5384 s
[09/28/2026-12:32:25] [I] Explanations of the performance metrics are printed in the verbose logs.
[09/28/2026-12:32:25] [I] 
&&&& PASSED TensorRT.trtexec [TensorRT v8201] # /usr/src/tensorrt/bin/trtexec --onnx=/home/aviad/jdp/yolo2024_640.onnx --workspace=1024 --iterations=200 --avgRuns=20 --percentile=99 --timingCacheFile=/home/aviad/jdp/timing.cache --saveEngine=/home/aviad/jdp/yolo2024_640_fp16.engine --fp16
